
Allocating common symbols
Common symbol       size              file

netbufpool          0x4               binaries/net.o
tmp                 0x4               binaries/control_reg.o
readylist           0x2               binaries/ready.o
rfltab              0x5a0             binaries/rflinit.o
netportseed         0x8               binaries/net.o
sleepq              0x2               binaries/clkinit.o
nnames              0x4               binaries/naminit.o
udptab              0x168             binaries/udp.o
minheap             0x4               binaries/meminit.o
marks               0x50              binaries/mark.o
currpid             0x4               binaries/initialize.o
Lf_data             0x20c             binaries/lfsinit.o
porttab             0x2d0             binaries/ptinit.o
girmask             0x2               binaries/evec.o
ttytab              0x110             binaries/ttyinit.o
proctab             0x15e0            binaries/initialize.o
prcount             0x4               binaries/initialize.o
lfltab              0xf00             binaries/lflinit.o
rdstab              0x8c              binaries/rdsinit.o
ethertab            0x130             binaries/ethinit.o
NetData             0xb0              binaries/net.o
nmarks              0x4               binaries/mark.o
initsp              0x4               binaries/i386.o
Defer               0x8               binaries/resched.o
semtab              0x4b0             binaries/initialize.o
maxheap             0x4               binaries/meminit.o
preempt             0x4               binaries/clkinit.o
buftab              0xf0              binaries/bufinit.o
Rf_data             0x18              binaries/rfsinit.o
mkmutex             0x4               binaries/mark.o
clktime             0x4               binaries/clkinit.o
arpcache            0x140             binaries/arp.o
icmptab             0x230             binaries/icmp.o
nbpools             0x4               binaries/bufinit.o
queuetab            0x980             binaries/queue.o
ptnextid            0x4               binaries/ptinit.o
Ram                 0x19000           binaries/raminit.o
ipoqueue            0x2c              binaries/ip.o
memlist             0x8               binaries/initialize.o
nametab             0x19a0            binaries/naminit.o
ptfree              0x4               binaries/ptinit.o

Discarded input sections

 .group         0x0000000000000000        0x8 binaries/ascdate.o
 .group         0x0000000000000000        0x8 binaries/bufinit.o
 .group         0x0000000000000000        0x8 binaries/chprio.o
 .group         0x0000000000000000        0x8 binaries/clkhandler.o
 .text.__x86.get_pc_thunk.bx
                0x0000000000000000        0x4 binaries/clkhandler.o
 .group         0x0000000000000000        0x8 binaries/clkinit.o
 .text.__x86.get_pc_thunk.bx
                0x0000000000000000        0x4 binaries/clkinit.o
 .group         0x0000000000000000        0x8 binaries/close.o
 .text.__x86.get_pc_thunk.bx
                0x0000000000000000        0x4 binaries/close.o
 .group         0x0000000000000000        0x8 binaries/control.o
 .text.__x86.get_pc_thunk.bx
                0x0000000000000000        0x4 binaries/control.o
 .group         0x0000000000000000        0x8 binaries/control_reg.o
 .group         0x0000000000000000        0x8 binaries/control_reg.o
 .text.__x86.get_pc_thunk.ax
                0x0000000000000000        0x4 binaries/control_reg.o
 .text.__x86.get_pc_thunk.bx
                0x0000000000000000        0x4 binaries/control_reg.o
 .group         0x0000000000000000        0x8 binaries/create.o
 .group         0x0000000000000000        0x8 binaries/create.o
 .text.__x86.get_pc_thunk.cx
                0x0000000000000000        0x4 binaries/create.o
 .text.__x86.get_pc_thunk.bx
                0x0000000000000000        0x4 binaries/create.o
 .group         0x0000000000000000        0x8 binaries/evec.o
 .group         0x0000000000000000        0x8 binaries/evec.o
 .text.__x86.get_pc_thunk.ax
                0x0000000000000000        0x4 binaries/evec.o
 .text.__x86.get_pc_thunk.bx
                0x0000000000000000        0x4 binaries/evec.o
 .group         0x0000000000000000        0x8 binaries/exit.o
 .text.__x86.get_pc_thunk.bx
                0x0000000000000000        0x4 binaries/exit.o
 .group         0x0000000000000000        0x8 binaries/freebuf.o
 .text.__x86.get_pc_thunk.bx
                0x0000000000000000        0x4 binaries/freebuf.o
 .group         0x0000000000000000        0x8 binaries/freemem.o
 .text.__x86.get_pc_thunk.bx
                0x0000000000000000        0x4 binaries/freemem.o
 .group         0x0000000000000000        0x8 binaries/getbuf.o
 .text.__x86.get_pc_thunk.bx
                0x0000000000000000        0x4 binaries/getbuf.o
 .group         0x0000000000000000        0x8 binaries/getc.o
 .text.__x86.get_pc_thunk.bx
                0x0000000000000000        0x4 binaries/getc.o
[...]
Memory Configuration

Name             Origin             Length             Attributes
*default*        0x0000000000000000 0xffffffffffffffff

Linker script and memory map

                0x0000000000100000                physbase = 0x100000
                0x0000000000100000                . = physbase
                0x0000000000100000                . = ALIGN (0x1000)

.text           0x0000000000100000    0x1c000
                0x0000000000100000                text = ABSOLUTE (.)
 *(.text .text.*)
 .text          0x0000000000100000      0x165 binaries/start.o
                0x0000000000100020                entry
                0x000000000010003d                start
                0x00000000001000a5                inb
                0x00000000001000ad                inw
                0x00000000001000b6                inl
                0x00000000001000be                outb
                0x00000000001000c8                outw
                0x00000000001000d3                outl
                0x00000000001000dd                _rtcin
                0x00000000001000e8                ___udivsi3
                0x00000000001000f3                ___divsi3
                0x00000000001000ff                sbzero
                0x000000000010010f                bcopy
                0x0000000000100123                insw
                0x0000000000100139                outsw
                0x000000000010014f                lidt
                0x0000000000100157                jumptocode
                0x000000000010015e                jumptobootcode
 .text          0x0000000000100165      0x404 binaries/ascdate.o
                0x0000000000100165                ascdate
 .text.__x86.get_pc_thunk.cx
                0x0000000000100569        0x4 binaries/ascdate.o
                0x0000000000100569                __x86.get_pc_thunk.cx
 .text          0x000000000010056d       0x20 binaries/bufinit.o
                0x000000000010056d                bufinit
 .text.__x86.get_pc_thunk.ax
                0x000000000010058d        0x4 binaries/bufinit.o
                0x000000000010058d                __x86.get_pc_thunk.ax
 .text          0x0000000000100591       0xa2 binaries/chprio.o
                0x0000000000100591                chprio
 .text.__x86.get_pc_thunk.bx
                0x0000000000100633        0x4 binaries/chprio.o
                0x0000000000100633                __x86.get_pc_thunk.bx
 .text          0x0000000000100637       0xd7 binaries/clkhandler.o
                0x0000000000100637                clkhandler
 .text          0x000000000010070e       0x95 binaries/clkinit.o
                0x000000000010070e                clkinit
 .text          0x00000000001007a3       0x86 binaries/close.o
                0x00000000001007a3                close
 .text          0x0000000000100829        0x0 binaries/conf.o
 .text          0x0000000000100829       0x8c binaries/control.o
                0x0000000000100829                control
 .text          0x00000000001008b5      0x20d binaries/control_reg.o
                0x00000000001008b5                read_cr0
                0x00000000001008fa                read_cr2
                0x000000000010093f                read_cr3
                0x0000000000100984                read_cr4
                0x00000000001009c9                write_cr0
                0x0000000000100a0c                write_cr3
                0x0000000000100a4f                write_cr4
                0x0000000000100a92                enable_paging
 .text          0x0000000000100ac2      0x2ef binaries/create.o
                0x0000000000100ac2                create
 .text          0x0000000000100db1      0x3e0 binaries/evec.o
                0x0000000000100db1                initevec
                0x0000000000100e1d                set_evec
                0x0000000000100edd                trap
 .text          0x0000000000101191       0x29 binaries/exit.o
                0x0000000000101191                exit
 .text          0x00000000001011ba       0xa1 binaries/freebuf.o
                0x00000000001011ba                freebuf
 .text          0x000000000010125b      0x195 binaries/freemem.o
                0x000000000010125b                freemem
 .text          0x00000000001013f0       0x9f binaries/getbuf.o
                0x00000000001013f0                getbuf
 .text          0x000000000010148f       0x86 binaries/getc.o
                0x000000000010148f                getc
 .text          0x0000000000101515       0x86 binaries/getdev.o
                0x0000000000101515                getdev
 .text          0x000000000010159b      0x111 binaries/getitem.o
                0x000000000010159b                getfirst
                0x00000000001015f1                getlast
                0x0000000000101649                getitem
 .text.__x86.get_pc_thunk.dx
                0x00000000001016ac        0x4 binaries/getitem.o
                0x00000000001016ac                __x86.get_pc_thunk.dx
 .text          0x00000000001016b0      0x132 binaries/getmem.o
                0x00000000001016b0                getmem
 .text          0x00000000001017e2       0x17 binaries/getpid.o
                0x00000000001017e2                getpid
 .text          0x00000000001017f9       0x8c binaries/getprio.o
                0x00000000001017f9                getprio
 .text          0x0000000000101885      0x119 binaries/getstk.o
                0x0000000000101885                getstk
 .text          0x000000000010199e       0x20 binaries/getticks.o
                0x000000000010199e                getticks
 .text          0x00000000001019be       0x4a binaries/gettime.o
                0x00000000001019be                gettime
 .text          0x0000000000101a08      0x21c binaries/getutime.o
                0x0000000000101a08                getutime
 .text          0x0000000000101c24      0x43f binaries/i386.o
                0x0000000000101c24                setsegs
                0x0000000000101d67                init8259
                0x0000000000101e29                pseg
                0x0000000000101ff1                setirmask
 .text          0x0000000000102063       0x86 binaries/init.o
                0x0000000000102063                init
 .text          0x00000000001020e9      0x455 binaries/initialize.o
                0x00000000001020e9                nulluser
                0x00000000001024cb                stop
                0x0000000000102506                delay
 .text          0x000000000010253e      0x105 binaries/insert.o
                0x000000000010253e                insert
 .text          0x0000000000102643      0x13e binaries/insertd.o
                0x0000000000102643                insertd
 .text          0x0000000000102781       0x14 binaries/ioerr.o
                0x0000000000102781                ioerr
 .text          0x0000000000102795       0x14 binaries/ionull.o
                0x0000000000102795                ionull
 .text          0x00000000001027a9      0x1c8 binaries/kill.o
                0x00000000001027a9                kill
 .text          0x0000000000102971      0x182 binaries/kprintf.o
                0x0000000000102971                kputc
                0x0000000000102a15                kgetc
                0x0000000000102ab7                kprintf
 .text          0x0000000000102af3       0xa8 binaries/main.o
                0x0000000000102af3                main
 .text          0x0000000000102b9b       0xf0 binaries/mark.o
                0x0000000000102b9b                markinit
                0x0000000000102bd6                mark
 .text          0x0000000000102c8b       0xe9 binaries/meminit.o
                0x0000000000102c8b                meminit
 .text          0x0000000000102d74      0x194 binaries/mkbufpool.o
                0x0000000000102d74                mkbufpool
 .text          0x0000000000102f08       0xbb binaries/newqueue.o
                0x0000000000102f08                newqueue
 .text          0x0000000000102fc3       0x8c binaries/open.o
                0x0000000000102fc3                open
 .text          0x000000000010304f       0x3d binaries/pagefault_handler.o
                0x000000000010304f                page_init
                0x000000000010307c                pagefault_handler
 .text          0x000000000010308c       0x2e binaries/panic.o
                0x000000000010308c                panic
 .text          0x00000000001030ba      0x540 binaries/pci.o
                0x00000000001030ba                pci_init
                0x00000000001033d4                find_pci_device
                0x000000000010342f                pci_bios_read_config_byte
                0x000000000010347b                pci_bios_read_config_word
                0x00000000001034ca                pci_bios_read_config_dword
                0x0000000000103516                pci_bios_write_config_byte
                0x0000000000103564                pci_bios_write_config_word
                0x00000000001035b2                pci_bios_write_config_dword
 .text.__x86.get_pc_thunk.si
                0x00000000001035fa        0x4 binaries/pci.o
                0x00000000001035fa                __x86.get_pc_thunk.si
 .text          0x00000000001035fe      0x105 binaries/ptclear.o
                0x00000000001035fe                _ptclear
 .text          0x0000000000103703       0xaf binaries/ptcount.o
                0x0000000000103703                ptcount
 .text          0x00000000001037b2      0x138 binaries/ptcreate.o
                0x00000000001037b2                ptcreate
 .text          0x00000000001038ea       0x94 binaries/ptdelete.o
                0x00000000001038ea                ptdelete
 .text          0x000000000010397e       0xe7 binaries/ptinit.o
                0x000000000010397e                ptinit
 .text          0x0000000000103a65      0x135 binaries/ptrecv.o
                0x0000000000103a65                ptrecv
 .text          0x0000000000103b9a       0x89 binaries/ptreset.o
                0x0000000000103b9a                ptreset
 .text          0x0000000000103c23      0x15a binaries/ptsend.o
                0x0000000000103c23                ptsend
 .text          0x0000000000103d7d       0x91 binaries/putc.o
                0x0000000000103d7d                putc
 .text          0x0000000000103e0e      0x146 binaries/queue.o
                0x0000000000103e0e                enqueue
                0x0000000000103ecf                dequeue
 .text          0x0000000000103f54       0x8c binaries/read.o
                0x0000000000103f54                read
 .text          0x0000000000103fe0       0x8c binaries/ready.o
                0x0000000000103fe0                ready
 .text          0x000000000010406c       0x74 binaries/receive.o
                0x000000000010406c                receive
 .text          0x00000000001040e0       0x70 binaries/recvclr.o
                0x00000000001040e0                recvclr
 .text          0x0000000000104150       0xd5 binaries/recvtime.o
                0x0000000000104150                recvtime
 .text          0x0000000000104225      0x1ce binaries/resched.o
                0x0000000000104225                resched
                0x0000000000104355                resched_cntl
 .text          0x00000000001043f3       0xbf binaries/resume.o
                0x00000000001043f3                resume
 .text          0x00000000001044b2       0x8a binaries/seek.o
                0x00000000001044b2                seek
 .text          0x000000000010453c       0x87 binaries/semcount.o
                0x000000000010453c                semcount
 .text          0x00000000001045c3      0x100 binaries/semcreate.o
                0x00000000001045c3                semcreate
 .text          0x00000000001046c3       0xdf binaries/semdelete.o
                0x00000000001046c3                semdelete
 .text          0x00000000001047a2       0xe3 binaries/semreset.o
                0x00000000001047a2                semreset
 .text          0x0000000000104885       0xfb binaries/send.o
                0x0000000000104885                send
 .text          0x0000000000104980       0xba binaries/signal.o
                0x0000000000104980                signal
 .text          0x0000000000104a3a       0xe8 binaries/signaln.o
                0x0000000000104a3a                signaln
 .text          0x0000000000104b22      0x10e binaries/sleep.o
                0x0000000000104b22                sleep
                0x0000000000104b7a                sleepms
 .text          0x0000000000104c30      0x1b4 binaries/stacktrace.o
                0x0000000000104c30                stacktrace
 .text          0x0000000000104de4       0xf5 binaries/suspend.o
                0x0000000000104de4                suspend
 .text          0x0000000000104ed9      0x100 binaries/unsleep.o
                0x0000000000104ed9                unsleep
 .text          0x0000000000104fd9       0x29 binaries/userret.o
                0x0000000000104fd9                userret
 .text          0x0000000000105002       0xf5 binaries/wait.o
                0x0000000000105002                wait
 .text          0x00000000001050f7       0x98 binaries/wakeup.o
                0x00000000001050f7                wakeup
 .text          0x000000000010518f       0x8c binaries/write.o
                0x000000000010518f                write
 .text          0x000000000010521b       0x2f binaries/xdone.o
                0x000000000010521b                xdone
 .text          0x000000000010524a       0x37 binaries/yield.o
                0x000000000010524a                yield
 .text          0x0000000000105281       0x1b binaries/abs.o
                0x0000000000105281                abs
 .text          0x000000000010529c       0x99 binaries/atoi.o
                0x000000000010529c                atoi
 .text          0x0000000000105335       0x99 binaries/atol.o
                0x0000000000105335                atol
 .text          0x00000000001053ce       0x3c binaries/bzero.o
                0x00000000001053ce                bzero
 .text          0x000000000010540a        0x0 binaries/ctype_.o
 .text          0x000000000010540a      0x94d binaries/doprnt.o
                0x000000000010540a                _doprnt
 .text          0x0000000000105d57      0x6cb binaries/doscan.o
                0x0000000000105d57                _doscan
 .text.__x86.get_pc_thunk.di
                0x0000000000106422        0x4 binaries/doscan.o
                0x0000000000106422                __x86.get_pc_thunk.di
 .text          0x0000000000106426      0x76a binaries/fdoprnt.o
                0x0000000000106426                _fdoprnt
 .text          0x0000000000106b90       0x39 binaries/fgetc.o
                0x0000000000106b90                fgetc
 .text          0x0000000000106bc9       0x84 binaries/fgets.o
                0x0000000000106bc9                fgets
 .text          0x0000000000106c4d       0x3c binaries/fprintf.o
                0x0000000000106c4d                fprintf
 .text          0x0000000000106c89       0x3c binaries/fputc.o
                0x0000000000106c89                fputc
 .text          0x0000000000106cc5       0x52 binaries/fputs.o
                0x0000000000106cc5                fputs
 .text          0x0000000000106d17       0xb8 binaries/fscanf.o
                0x0000000000106d17                fscanf
 .text          0x0000000000106dcf       0x46 binaries/getchar.o
                0x0000000000106dcf                getchar
 .text          0x0000000000106e15       0x1b binaries/labs.o
                0x0000000000106e15                labs
 .text          0x0000000000106e30        0x0 binaries/memchr.o
 .text          0x0000000000106e30       0x5b binaries/memcmp.o
                0x0000000000106e30                memcmp
 .text          0x0000000000106e8b       0x49 binaries/memcpy.o
                0x0000000000106e8b                memcpy
 .text          0x0000000000106ed4       0x3a binaries/memset.o
                0x0000000000106ed4                memset
 .text          0x0000000000106f0e       0x5e binaries/printf.o
                0x0000000000106f0e                printf
 .text          0x0000000000106f6c       0x49 binaries/putchar.o
                0x0000000000106f6c                putchar
 .text          0x0000000000106fb5      0x2b7 binaries/qsort.o
                0x0000000000106fb5                qsort
 .text          0x000000000010726c       0x81 binaries/rand.o
                0x000000000010726c                rand
                0x0000000000107290                rand_r
                0x00000000001072d4                srand
 .text          0x00000000001072ed       0x82 binaries/sprintf.o
                0x00000000001072ed                sprintf
 .text          0x000000000010736f       0x98 binaries/sscanf.o
                0x000000000010736f                sscanf
 .text          0x0000000000107407       0x46 binaries/strchr.o
                0x0000000000107407                strchr
 .text          0x000000000010744d       0x4f binaries/strcmp.o
                0x000000000010744d                strcmp
 .text          0x000000000010749c       0x31 binaries/strcpy.o
                0x000000000010749c                strcpy
 .text          0x00000000001074cd       0x30 binaries/strlen.o
                0x00000000001074cd                strlen
 .text          0x00000000001074fd       0x60 binaries/strncat.o
                0x00000000001074fd                strncat
 .text          0x000000000010755d       0x68 binaries/strncmp.o
                0x000000000010755d                strncmp
 .text          0x00000000001075c5       0x59 binaries/strncpy.o
                0x00000000001075c5                strncpy
 .text          0x000000000010761e       0x38 binaries/strnlen.o
                0x000000000010761e                strnlen
 .text          0x0000000000107656       0x4f binaries/strrchr.o
                0x0000000000107656                strrchr
 .text          0x00000000001076a5       0x78 binaries/strstr.o
                0x00000000001076a5                strstr
 .text          0x000000000010771d       0xfb binaries/ttycontrol.o
                0x000000000010771d                ttycontrol
 .text          0x0000000000107818       0xab binaries/ttygetc.o
                0x0000000000107818                ttygetc
 .text          0x00000000001078c3      0x72b binaries/ttyhandle_in.o
                0x00000000001078c3                ttyhandle_in
 .text          0x0000000000107fee      0x1c2 binaries/ttyhandle_out.o
                0x0000000000107fee                ttyhandle_out
 .text          0x00000000001081b0       0xe7 binaries/ttyhandler.o
                0x00000000001081b0                ttyhandler
 .text          0x0000000000108297      0x241 binaries/ttyinit.o
                0x0000000000108297                ttyinit
 .text          0x00000000001084d8       0x2b binaries/ttykickout.o
                0x00000000001084d8                ttykickout
 .text          0x0000000000108503       0xc9 binaries/ttyputc.o
                0x0000000000108503                ttyputc
 .text          0x00000000001085cc      0x12d binaries/ttyread.o
                0x00000000001085cc                ttyread
 .text          0x00000000001086f9       0x5c binaries/ttywrite.o
                0x00000000001086f9                ttywrite
 .text          0x0000000000108755      0x174 binaries/mount.o
                0x0000000000108755                mount
                0x0000000000108889                namlen
 .text          0x00000000001088c9      0x220 binaries/naminit.o
                0x00000000001088c9                naminit
 .text          0x0000000000108ae9      0x243 binaries/nammap.o
                0x0000000000108ae9                nammap
                0x0000000000108b86                namrepl
                0x0000000000108cd2                namcpy
 .text          0x0000000000108d2c       0x5d binaries/namopen.o
                0x0000000000108d2c                namopen
 .text          0x0000000000108d89      0xf37 binaries/82545EMInit.o
                0x0000000000108e06                _82545EMInit
                0x0000000000109b16                _82545EM_read_phy_reg
                0x0000000000109be7                _82545EM_write_phy_reg
 .text          0x0000000000109cc0      0x28a binaries/ethcontrol.o
                0x0000000000109d3d                ethcontrol
                0x0000000000109ec7                ethIrqDisable
                0x0000000000109f07                ethIrqEnable
 .text          0x0000000000109f4a      0x29a binaries/ethhandler.o
                0x000000000010a0eb                ethhandler
 .text          0x000000000010a1e4      0x13e binaries/ethinit.o
                0x000000000010a1e4                ethinit
 .text          0x000000000010a322      0x227 binaries/ethread.o
                0x000000000010a39f                ethread
 .text          0x000000000010a549      0x1d0 binaries/ethwrite.o
                0x000000000010a5c6                ethwrite
 .text          0x000000000010a719       0xaf binaries/rdsbufalloc.o
                0x000000000010a719                rdsbufalloc
 .text          0x000000000010a7c8       0xcf binaries/rdsclose.o
                0x000000000010a7c8                rdsclose
 .text          0x000000000010a897      0x304 binaries/rdscomm.o
                0x000000000010a897                rdscomm
 .text          0x000000000010ab9b      0x242 binaries/rdscontrol.o
                0x000000000010ab9b                rdscontrol
 .text          0x000000000010addd      0x204 binaries/rdsinit.o
                0x000000000010addd                rdsinit
 .text          0x000000000010afe1      0x1a4 binaries/rdsopen.o
                0x000000000010afe1                rdsopen
 .text          0x000000000010b185      0x471 binaries/rdsprocess.o
                0x000000000010b185                rdsprocess
 .text          0x000000000010b5f6      0x262 binaries/rdsread.o
                0x000000000010b5f6                rdsread
 .text          0x000000000010b858      0x202 binaries/rdswrite.o
                0x000000000010b858                rdswrite
 .text          0x000000000010ba5a       0x14 binaries/ramclose.o
                0x000000000010ba5a                ramclose
 .text          0x000000000010ba6e       0x58 binaries/raminit.o
                0x000000000010ba6e                raminit
 .text          0x000000000010bac6       0x14 binaries/ramopen.o
                0x000000000010bac6                ramopen
 .text          0x000000000010bada       0x47 binaries/ramread.o
                0x000000000010bada                ramread
 .text          0x000000000010bb21       0x47 binaries/ramwrite.o
                0x000000000010bb21                ramwrite
 .text          0x000000000010bb68       0xc4 binaries/lfdballoc.o
                0x000000000010bb68                lfdballoc
 .text          0x000000000010bc2c       0x6c binaries/lfdbfree.o
                0x000000000010bc2c                lfdbfree
 .text          0x000000000010bc98       0xe0 binaries/lfflush.o
                0x000000000010bc98                lfflush
 .text          0x000000000010bd78       0xe2 binaries/lfgetmode.o
                0x000000000010bd78                lfgetmode
 .text          0x000000000010be5a       0x92 binaries/lfiballoc.o
                0x000000000010be5a                lfiballoc
 .text          0x000000000010beec       0x45 binaries/lfibclear.o
                0x000000000010beec                lfibclear
 .text          0x000000000010bf31       0xbc binaries/lfibget.o
                0x000000000010bf31                lfibget
 .text          0x000000000010bfed       0xeb binaries/lfibput.o
                0x000000000010bfed                lfibput
 .text          0x000000000010c0d8       0xbb binaries/lflclose.o
                0x000000000010c0d8                lflclose
 .text          0x000000000010c193       0xef binaries/lflcontrol.o
                0x000000000010c193                lflcontrol
 .text          0x000000000010c282      0x104 binaries/lflgetc.o
                0x000000000010c282                lflgetc
 .text          0x000000000010c386      0x102 binaries/lflinit.o
                0x000000000010c386                lflinit
 .text          0x000000000010c488      0x13a binaries/lflputc.o
                0x000000000010c488                lflputc
 .text          0x000000000010c5c2       0x7f binaries/lflread.o
                0x000000000010c5c2                lflread
 .text          0x000000000010c641       0xbe binaries/lflseek.o
                0x000000000010c641                lflseek
 .text          0x000000000010c6ff       0x64 binaries/lflwrite.o
                0x000000000010c6ff                lflwrite
 .text          0x000000000010c763       0x6c binaries/lfscheck.o
                0x000000000010c763                lfscheck
 .text          0x000000000010c7cf      0x194 binaries/lfsckfmt.o
                0x000000000010c7cf                lfsckfmt
 .text          0x000000000010c963      0x1be binaries/lfscreate.o
                0x000000000010c963                lfscreate
 .text          0x000000000010cb21      0x2a3 binaries/lfsetup.o
                0x000000000010cb21                lfsetup
 .text          0x000000000010cdc4       0x81 binaries/lfsinit.o
                0x000000000010cdc4                lfsinit
 .text          0x000000000010ce45      0x411 binaries/lfsopen.o
                0x000000000010ce45                lfsopen
 .text          0x000000000010d256      0x18a binaries/lftruncate.o
                0x000000000010d256                lftruncate
 .text          0x000000000010d3e0       0x8f binaries/rflclose.o
                0x000000000010d3e0                rflclose
 .text          0x000000000010d46f       0x42 binaries/rflgetc.o
                0x000000000010d46f                rflgetc
 .text          0x000000000010d4b1       0x86 binaries/rflinit.o
                0x000000000010d4b1                rflinit
 .text          0x000000000010d537       0x43 binaries/rflputc.o
                0x000000000010d537                rflputc
 .text          0x000000000010d57a      0x396 binaries/rflread.o
                0x000000000010d57a                rflread
 .text          0x000000000010d910       0x92 binaries/rflseek.o
                0x000000000010d910                rflseek
 .text          0x000000000010d9a2      0x381 binaries/rflwrite.o
                0x000000000010d9a2                rflwrite
 .text          0x000000000010dd23      0x21d binaries/rfscomm.o
                0x000000000010dd23                rfscomm
 .text          0x000000000010df40      0x2ae binaries/rfscontrol.o
                0x000000000010df40                rfscontrol
 .text          0x000000000010e1ee       0xe2 binaries/rfsgetmode.o
                0x000000000010e1ee                rfsgetmode
 .text          0x000000000010e2d0       0xb5 binaries/rfsinit.o
                0x000000000010e2d0                rfsinit
 .text          0x000000000010e385      0x122 binaries/rfsndmsg.o
                0x000000000010e385                rfsndmsg
 .text          0x000000000010e4a7      0x2e3 binaries/rfsopen.o
                0x000000000010e4a7                rfsopen
 .text          0x000000000010e78a      0x8e6 binaries/arp.o
                0x000000000010e78a                arp_init
                0x000000000010e7d0                arp_resolve
                0x000000000010eabe                arp_in
                0x000000000010eda0                arp_alloc
                0x000000000010ee82                arp_ntoh
                0x000000000010ef79                arp_hton
 .text          0x000000000010f070      0x97b binaries/dhcp.o
                0x000000000010f070                dhcp_get_opt_val
                0x000000000010f0d3                dhcp_bld_bootp_msg
                0x000000000010f1fa                dhcp_bld_disc
                0x000000000010f2ed                dhcp_bld_req
                0x000000000010f470                getlocalip
 .text          0x000000000010f9eb      0x5f4 binaries/dns.o
                0x000000000010f9eb                dnslookup
 .text          0x000000000010ffdf       0xf4 binaries/dot2ip.o
                0x000000000010ffdf                dot2ip
 .text          0x00000000001100d3      0x528 binaries/hexdump.o
                0x00000000001100d3                hexdump
                0x00000000001102a1                hexadump
 .text          0x00000000001105fb      0x940 binaries/icmp.o
                0x00000000001105fb                icmp_init
                0x0000000000110641                icmp_in
                0x0000000000110822                icmp_register
                0x000000000011092c                icmp_recv
                0x0000000000110aca                icmp_send
                0x0000000000110b5f                icmp_mkpkt
                0x0000000000110c93                icmp_release
                0x0000000000110da0                icmp_cksum
                0x0000000000110e3d                icmp_hton
                0x0000000000110ebc                icmp_ntoh
 .text          0x0000000000110f3b      0x96c binaries/ip.o
                0x0000000000110f3b                ip_in
                0x00000000001110e0                ip_send
                0x0000000000111262                ip_local
                0x00000000001112c3                ip_out
                0x000000000011140b                ipcksum
                0x000000000011149b                ip_ntoh
                0x0000000000111592                ip_hton
                0x0000000000111689                ipout
                0x00000000001117e0                ip_enqueue
 .text          0x00000000001118a7      0x337 binaries/net.o
                0x00000000001118a7                net_init
                0x0000000000111a07                netin
                0x0000000000111ad5                eth_hton
                0x0000000000111b0a                eth_ntoh
                0x0000000000111b3f                getport
 .text          0x0000000000111bde     0x15bc binaries/pdump.o
                0x0000000000111bde                pdump
                0x0000000000112a36                pdumph
 .text          0x000000000011319a      0x65e binaries/tftp.o
                0x000000000011319a                tftp_send1
                0x000000000011332d                tftpget
                0x0000000000113369                tftpget_mb
 .text          0x00000000001137f8      0xc36 binaries/udp.o
                0x00000000001137f8                udp_init
                0x000000000011383e                udp_in
                0x0000000000113991                udp_register
                0x0000000000113ae0                udp_recv
                0x0000000000113c8f                udp_recvaddr
                0x0000000000113e56                udp_send
                0x0000000000114059                udp_sendto
                0x0000000000114224                udp_release
                0x0000000000114330                udp_ntoh
                0x00000000001143af                udp_hton
 .text          0x000000000011442e      0x14d binaries/addargs.o
                0x000000000011442e                addargs
 .text          0x000000000011457b      0x2d1 binaries/lexan.o
                0x000000000011457b                lexan
 .text          0x000000000011484c      0x6dd binaries/shell.o
                0x000000000011484c                shell
 .text          0x0000000000114f29       0x7e binaries/xsh_argecho.o
                0x0000000000114f29                xsh_argecho
 .text          0x0000000000114fa7      0x2cc binaries/xsh_arp.o
                0x0000000000114fa7                xsh_arp
 .text          0x0000000000115273      0x2ae binaries/xsh_cat.o
                0x0000000000115273                xsh_cat
 .text          0x0000000000115521       0x7a binaries/xsh_clear.o
                0x0000000000115521                xsh_clear
 .text          0x000000000011559b      0x354 binaries/xsh_date.o
                0x000000000011559b                xsh_date
 .text          0x00000000001158ef       0xcb binaries/xsh_devdump.o
                0x00000000001158ef                xsh_devdump
 .text          0x00000000001159ba       0x87 binaries/xsh_echo.o
                0x00000000001159ba                xsh_echo
 .text          0x0000000000115a41       0x14 binaries/xsh_exit.o
                0x0000000000115a41                xsh_exit
 .text          0x0000000000115a55      0x3e9 binaries/xsh_help.o
                0x0000000000115a55                xsh_help
 .text          0x0000000000115e3e      0x287 binaries/xsh_kill.o
                0x0000000000115e3e                xsh_kill
 .text          0x00000000001160c5      0x5ad binaries/xsh_memdump.o
                0x00000000001160c5                xsh_memdump
 .text          0x0000000000116672      0x316 binaries/xsh_memstat.o
                0x0000000000116672                xsh_memstat
 .text          0x0000000000116988      0x5d5 binaries/xsh_netinfo.o
                0x0000000000116988                xsh_netinfo
 .text          0x0000000000116f5d      0x4e7 binaries/xsh_ping.o
                0x0000000000116f5d                xsh_ping
 .text          0x0000000000117444      0x27c binaries/xsh_ps.o
                0x0000000000117444                xsh_ps
 .text          0x00000000001176c0      0x265 binaries/xsh_sleep.o
                0x00000000001176c0                xsh_sleep
 .text          0x0000000000117925      0x2d8 binaries/xsh_udpdump.o
                0x0000000000117925                xsh_udpdump
 .text          0x0000000000117bfd      0x532 binaries/xsh_udpecho.o
                0x0000000000117bfd                xsh_udpecho
 .text          0x000000000011812f      0x2fb binaries/xsh_udpserver.o
                0x000000000011812f                xsh_udpeserver
 .text          0x000000000011842a      0x230 binaries/xsh_uptime.o
                0x000000000011842a                xsh_uptime
 .text          0x000000000011865a        0xe binaries/clkdisp.o
                0x000000000011865a                clkdisp
 .text          0x0000000000118668       0x19 binaries/ctxsw.o
                0x0000000000118668                ctxsw
 .text          0x0000000000118681      0x368 binaries/intr.o
                0x0000000000118681                disable
                0x000000000011868a                restore
                0x0000000000118698                enable
                0x000000000011869a                pause
                0x00000000001186a1                halt
                0x00000000001186a4                spurious_irq7
                0x00000000001186a9                spurious_irq15
                0x00000000001186b8                _Xint0
                0x00000000001186c3                _Xint1
                0x00000000001186ce                _Xint2
                0x00000000001186d9                _Xint3
                0x00000000001186e4                _Xint4
                0x00000000001186ef                _Xint5
                0x00000000001186fa                _Xint6
                0x0000000000118705                _Xint7
                0x0000000000118710                _Xint8
                0x000000000011871b                _Xint9
                0x0000000000118726                _Xint10
                0x0000000000118731                _Xint11
                0x000000000011873f                _Xint12
                0x000000000011874d                _Xint13
                0x000000000011875b                _Xint14
                0x0000000000118769                _Xint15
                0x0000000000118777                _Xint16
                0x0000000000118785                _Xint17
                0x0000000000118793                _Xint18
                0x00000000001187a1                _Xint19
                0x00000000001187af                _Xint20
                0x00000000001187bd                _Xint21
                0x00000000001187cb                _Xint22
                0x00000000001187d9                _Xint23
                0x00000000001187e7                _Xint24
                0x00000000001187f5                _Xint25
                0x0000000000118803                _Xint26
                0x0000000000118811                _Xint27
                0x000000000011881f                _Xint28
                0x000000000011882d                _Xint29
                0x000000000011883b                _Xint30
                0x0000000000118849                _Xint31
                0x0000000000118857                _Xint32
                0x0000000000118865                _Xint33
                0x0000000000118873                _Xint34
                0x0000000000118881                _Xint35
                0x000000000011888f                _Xint36
                0x000000000011889d                _Xint37
                0x00000000001188ab                _Xint38
                0x00000000001188b9                _Xint39
                0x00000000001188c7                _Xint40
                0x00000000001188d5                _Xint41
                0x00000000001188e3                _Xint42
                0x00000000001188f1                _Xint43
                0x00000000001188ff                _Xint44
                0x000000000011890d                _Xint45
                0x000000000011891b                _Xint46
                0x0000000000118929                defevec
 .text          0x00000000001189e9        0xe binaries/pagefault_handler_disp.o
                0x00000000001189e9                pagefault_handler_disp
 .text          0x00000000001189f7        0xf binaries/ttydispatch.o
                0x00000000001189f7                ttydispatch
 .text          0x0000000000118a06       0x13 binaries/ethdispatch.o
                0x0000000000118a06                ethdispatch
 *(.rodata .rodata.*)
 *fill*         0x0000000000118a19        0x3 
 .rodata        0x0000000000118a1c       0x8e binaries/ascdate.o
 .rodata        0x0000000000118aaa       0xae binaries/conf.o
 .rodata        0x0000000000118b58      0x22f binaries/evec.o
 *fill*         0x0000000000118d87        0x1 
 .rodata        0x0000000000118d88       0x61 binaries/getutime.o
 *fill*         0x0000000000118de9        0x3 
 .rodata        0x0000000000118dec       0x90 binaries/i386.o
 .rodata        0x0000000000118e7c      0x183 binaries/initialize.o
 *fill*         0x0000000000118fff        0x1 
 .rodata        0x0000000000119000       0x20 binaries/kill.o
 .rodata        0x0000000000119020       0x2a binaries/main.o
 .rodata        0x000000000011904a        0xf binaries/panic.o
 *fill*         0x0000000000119059        0x3 
 .rodata        0x000000000011905c      0x1ec binaries/pci.o
 .rodata        0x0000000000119248       0x1d binaries/ptinit.o
 *fill*         0x0000000000119265        0x3 
 .rodata        0x0000000000119268       0x25 binaries/ptsend.o
 *fill*         0x000000000011928d        0x3 
 .rodata        0x0000000000119290       0xb7 binaries/stacktrace.o
 *fill*         0x0000000000119347        0x1 
 .rodata        0x0000000000119348       0x27 binaries/xdone.o
 *fill*         0x000000000011936f       0x11 
 .rodata        0x0000000000119380       0x81 binaries/ctype_.o
                0x0000000000119380                _ctype_
 *fill*         0x0000000000119401        0x3 
 .rodata        0x0000000000119404       0xee binaries/doprnt.o
 *fill*         0x00000000001194f2        0x2 
 .rodata        0x00000000001194f4       0x98 binaries/doscan.o
 .rodata        0x000000000011958c       0xae binaries/fdoprnt.o
 *fill*         0x000000000011963a        0x2 
 .rodata        0x000000000011963c       0x20 binaries/ttycontrol.o
 .rodata        0x000000000011965c       0x34 binaries/ttyhandler.o
 .rodata        0x0000000000119690       0x80 binaries/naminit.o
 .rodata        0x0000000000119710       0x2e binaries/82545EMInit.o
 *fill*         0x000000000011973e        0x2 
 .rodata        0x0000000000119740       0x78 binaries/ethinit.o
 .rodata        0x00000000001197b8       0x18 binaries/ethread.o
 .rodata        0x00000000001197d0       0x2c binaries/rdsbufalloc.o
 .rodata        0x00000000001197fc       0x76 binaries/rdscomm.o
 *fill*         0x0000000000119872        0x2 
 .rodata        0x0000000000119874       0x48 binaries/rdscontrol.o
 .rodata        0x00000000001198bc       0x96 binaries/rdsinit.o
 *fill*         0x0000000000119952        0x2 
 .rodata        0x0000000000119954       0x22 binaries/rdsopen.o
 *fill*         0x0000000000119976        0x2 
 .rodata        0x0000000000119978       0x4d binaries/rdsprocess.o
 .rodata        0x00000000001199c5        0x9 binaries/raminit.o
 *fill*         0x00000000001199ce        0x2 
 .rodata        0x00000000001199d0       0x37 binaries/lfdballoc.o
 .rodata        0x0000000000119a07       0x14 binaries/lfiballoc.o
 *fill*         0x0000000000119a1b        0x1 
 .rodata        0x0000000000119a1c       0x23 binaries/lflcontrol.o
 *fill*         0x0000000000119a3f        0x1 
 .rodata        0x0000000000119a40      0x11b binaries/lfsckfmt.o
 *fill*         0x0000000000119b5b        0x1 
 .rodata        0x0000000000119b5c       0x2a binaries/lfsopen.o
 *fill*         0x0000000000119b86        0x2 
 .rodata        0x0000000000119b88       0x21 binaries/rflread.o
 *fill*         0x0000000000119ba9        0x3 
 .rodata        0x0000000000119bac       0x21 binaries/rflwrite.o
 *fill*         0x0000000000119bcd        0x3 
 .rodata        0x0000000000119bd0       0x75 binaries/rfscomm.o
 *fill*         0x0000000000119c45        0x3 
 .rodata        0x0000000000119c48       0x3c binaries/rfscontrol.o
 .rodata        0x0000000000119c84       0x63 binaries/rfsinit.o
 *fill*         0x0000000000119ce7        0x1 
 .rodata        0x0000000000119ce8       0x2a binaries/rfsndmsg.o
 *fill*         0x0000000000119d12        0x2 
 .rodata        0x0000000000119d14       0x22 binaries/rfsopen.o
 *fill*         0x0000000000119d36        0x2 
 .rodata        0x0000000000119d38       0x3a binaries/arp.o
 *fill*         0x0000000000119d72        0x2 
 .rodata        0x0000000000119d74       0xcf binaries/dhcp.o
 .rodata        0x0000000000119e43       0x1a binaries/dns.o
 *fill*         0x0000000000119e5d        0x3 
 .rodata        0x0000000000119e60       0xc9 binaries/hexdump.o
 *fill*         0x0000000000119f29        0x3 
 .rodata        0x0000000000119f2c       0x29 binaries/icmp.o
 *fill*         0x0000000000119f55        0x3 
 .rodata        0x0000000000119f58       0x6e binaries/ip.o
 *fill*         0x0000000000119fc6        0x2 
 .rodata        0x0000000000119fc8       0x4f binaries/net.o
 *fill*         0x000000000011a017        0x1 
 .rodata        0x000000000011a018      0x26f binaries/pdump.o
 *fill*         0x000000000011a287        0x1 
 .rodata        0x000000000011a288      0x154 binaries/tftp.o
 .rodata        0x000000000011a3dc      0x2c1 binaries/shell.o
 .rodata        0x000000000011a69d       0x28 binaries/xsh_argecho.o
 *fill*         0x000000000011a6c5        0x3 
 .rodata        0x000000000011a6c8      0x123 binaries/xsh_arp.o
 *fill*         0x000000000011a7eb        0x1 
 .rodata        0x000000000011a7ec       0xc9 binaries/xsh_cat.o
 .rodata        0x000000000011a8b5       0x19 binaries/xsh_clear.o
 *fill*         0x000000000011a8ce        0x2 
 .rodata        0x000000000011a8d0      0x1c3 binaries/xsh_date.o
 .rodata        0x000000000011aa93       0x5d binaries/xsh_devdump.o
 .rodata        0x000000000011aaf0        0x9 binaries/xsh_echo.o
 *fill*         0x000000000011aaf9        0x3 
 .rodata        0x000000000011aafc      0x169 binaries/xsh_help.o
 *fill*         0x000000000011ac65        0x3 
 .rodata        0x000000000011ac68      0x12e binaries/xsh_kill.o
 *fill*         0x000000000011ad96        0x2 
 .rodata        0x000000000011ad98      0x266 binaries/xsh_memdump.o
 *fill*         0x000000000011affe        0x2 
 .rodata        0x000000000011b000      0x225 binaries/xsh_memstat.o
 *fill*         0x000000000011b225        0x3 
 .rodata        0x000000000011b228      0x1b0 binaries/xsh_netinfo.o
 .rodata        0x000000000011b3d8      0x1a1 binaries/xsh_ping.o
 *fill*         0x000000000011b579        0x3 
 .rodata        0x000000000011b57c      0x1a8 binaries/xsh_ps.o
 .rodata        0x000000000011b724       0xeb binaries/xsh_sleep.o
 *fill*         0x000000000011b80f        0x1 
 .rodata        0x000000000011b810      0x1b8 binaries/xsh_udpdump.o
 .rodata        0x000000000011b9c8      0x215 binaries/xsh_udpecho.o
 *fill*         0x000000000011bbdd        0x3 
 .rodata        0x000000000011bbe0      0x12b binaries/xsh_udpserver.o
 *fill*         0x000000000011bd0b        0x1 
 .rodata        0x000000000011bd0c      0x105 binaries/xsh_uptime.o
                0x000000000011be11                etext = ABSOLUTE (.)
                0x000000000011c000                . = ALIGN (0x1000)
 *fill*         0x000000000011be11      0x1ef 

.eh_frame       0x000000000011c000     0x3210
 .eh_frame      0x000000000011c000       0x50 binaries/ascdate.o
 .eh_frame      0x000000000011c050       0x34 binaries/bufinit.o
                                         0x4c (size before relaxing)
 .eh_frame      0x000000000011c084       0x38 binaries/chprio.o
                                         0x50 (size before relaxing)
 .eh_frame      0x000000000011c0bc       0x24 binaries/clkhandler.o
                                         0x50 (size before relaxing)
 .eh_frame      0x000000000011c0e0       0x24 binaries/clkinit.o
                                         0x50 (size before relaxing)
 .eh_frame      0x000000000011c104       0x24 binaries/close.o
                                         0x50 (size before relaxing)
 .eh_frame      0x000000000011c128       0x24 binaries/control.o
                                         0x50 (size before relaxing)
 .eh_frame      0x000000000011c14c      0x11c binaries/control_reg.o
                                        0x15c (size before relaxing)
 .eh_frame      0x000000000011c268       0x48 binaries/create.o
                                         0x88 (size before relaxing)
 .eh_frame      0x000000000011c2b0       0x6c binaries/evec.o
                                         0xac (size before relaxing)
 .eh_frame      0x000000000011c31c       0x24 binaries/exit.o
                                         0x50 (size before relaxing)
 .eh_frame      0x000000000011c340       0x24 binaries/freebuf.o
                                         0x50 (size before relaxing)
 .eh_frame      0x000000000011c364       0x24 binaries/freemem.o
                                         0x50 (size before relaxing)
 .eh_frame      0x000000000011c388       0x24 binaries/getbuf.o
                                         0x50 (size before relaxing)
 .eh_frame      0x000000000011c3ac       0x24 binaries/getc.o
                                         0x50 (size before relaxing)
 .eh_frame      0x000000000011c3d0       0x24 binaries/getdev.o
                                         0x50 (size before relaxing)
 .eh_frame      0x000000000011c3f4       0x78 binaries/getitem.o
                                         0xa4 (size before relaxing)
 .eh_frame      0x000000000011c46c       0x24 binaries/getmem.o
                                         0x50 (size before relaxing)
 .eh_frame      0x000000000011c490       0x20 binaries/getpid.o
                                         0x4c (size before relaxing)
 .eh_frame      0x000000000011c4b0       0x24 binaries/getprio.o
                                         0x50 (size before relaxing)
 .eh_frame      0x000000000011c4d4       0x24 binaries/getstk.o
                                         0x50 (size before relaxing)
 .eh_frame      0x000000000011c4f8       0x20 binaries/getticks.o
                                         0x4c (size before relaxing)
 .eh_frame      0x000000000011c518       0x24 binaries/gettime.o
                                         0x50 (size before relaxing)
 .eh_frame      0x000000000011c53c       0x24 binaries/getutime.o
                                         0x50 (size before relaxing)
 .eh_frame      0x000000000011c560       0x9c binaries/i386.o
                                         0xc8 (size before relaxing)
 .eh_frame      0x000000000011c5fc       0x24 binaries/init.o
                                         0x50 (size before relaxing)
 .eh_frame      0x000000000011c620       0xa8 binaries/initialize.o
                                         0xe8 (size before relaxing)
 .eh_frame      0x000000000011c6c8       0x24 binaries/insert.o
                                         0x50 (size before relaxing)
 .eh_frame      0x000000000011c6ec       0x28 binaries/insertd.o
                                         0x54 (size before relaxing)
 .eh_frame      0x000000000011c714       0x20 binaries/ioerr.o
                                         0x4c (size before relaxing)
 .eh_frame      0x000000000011c734       0x20 binaries/ionull.o
                                         0x4c (size before relaxing)
 .eh_frame      0x000000000011c754       0x2c binaries/kill.o
                                         0x58 (size before relaxing)
 .eh_frame      0x000000000011c780       0x6c binaries/kprintf.o
                                         0xac (size before relaxing)
 .eh_frame      0x000000000011c7ec       0x28 binaries/main.o
                                         0x54 (size before relaxing)
 .eh_frame      0x000000000011c814       0x48 binaries/mark.o
                                         0x74 (size before relaxing)
 .eh_frame      0x000000000011c85c       0x20 binaries/meminit.o
                                         0x4c (size before relaxing)
 .eh_frame      0x000000000011c87c       0x24 binaries/mkbufpool.o
                                         0x50 (size before relaxing)
 .eh_frame      0x000000000011c8a0       0x24 binaries/newqueue.o
                                         0x50 (size before relaxing)
 .eh_frame      0x000000000011c8c4       0x24 binaries/open.o
                                         0x50 (size before relaxing)
 .eh_frame      0x000000000011c8e8       0x44 binaries/pagefault_handler.o
                                         0x70 (size before relaxing)
 .eh_frame      0x000000000011c92c       0x1c binaries/panic.o
                                         0x48 (size before relaxing)
 .eh_frame      0x000000000011c948      0x1ec binaries/pci.o
                                        0x240 (size before relaxing)
 .eh_frame      0x000000000011cb34       0x24 binaries/ptclear.o
                                         0x50 (size before relaxing)
 .eh_frame      0x000000000011cb58       0x24 binaries/ptcount.o
                                         0x50 (size before relaxing)
 .eh_frame      0x000000000011cb7c       0x24 binaries/ptcreate.o
                                         0x50 (size before relaxing)
 .eh_frame      0x000000000011cba0       0x24 binaries/ptdelete.o
                                         0x50 (size before relaxing)
 .eh_frame      0x000000000011cbc4       0x24 binaries/ptinit.o
                                         0x50 (size before relaxing)
 .eh_frame      0x000000000011cbe8       0x24 binaries/ptrecv.o
                                         0x50 (size before relaxing)
 .eh_frame      0x000000000011cc0c       0x24 binaries/ptreset.o
                                         0x50 (size before relaxing)
 .eh_frame      0x000000000011cc30       0x24 binaries/ptsend.o
                                         0x50 (size before relaxing)
 .eh_frame      0x000000000011cc54       0x24 binaries/putc.o
                                         0x50 (size before relaxing)
 .eh_frame      0x000000000011cc78       0x48 binaries/queue.o
                                         0x88 (size before relaxing)
 .eh_frame      0x000000000011ccc0       0x24 binaries/read.o
                                         0x50 (size before relaxing)
 .eh_frame      0x000000000011cce4       0x28 binaries/ready.o
                                         0x54 (size before relaxing)
 .eh_frame      0x000000000011cd0c       0x24 binaries/receive.o
                                         0x50 (size before relaxing)
 .eh_frame      0x000000000011cd30       0x24 binaries/recvclr.o
                                         0x50 (size before relaxing)
 .eh_frame      0x000000000011cd54       0x24 binaries/recvtime.o
                                         0x50 (size before relaxing)
 .eh_frame      0x000000000011cd78       0x48 binaries/resched.o
                                         0x88 (size before relaxing)
 .eh_frame      0x000000000011cdc0       0x24 binaries/resume.o
                                         0x50 (size before relaxing)
 .eh_frame      0x000000000011cde4       0x24 binaries/seek.o
                                         0x50 (size before relaxing)
 .eh_frame      0x000000000011ce08       0x24 binaries/semcount.o
                                         0x50 (size before relaxing)
 .eh_frame      0x000000000011ce2c       0x48 binaries/semcreate.o
                                         0x88 (size before relaxing)
 .eh_frame      0x000000000011ce74       0x24 binaries/semdelete.o
                                         0x50 (size before relaxing)
 .eh_frame      0x000000000011ce98       0x24 binaries/semreset.o
                                         0x50 (size before relaxing)
 .eh_frame      0x000000000011cebc       0x24 binaries/send.o
                                         0x50 (size before relaxing)
 .eh_frame      0x000000000011cee0       0x24 binaries/signal.o
                                         0x50 (size before relaxing)
 .eh_frame      0x000000000011cf04       0x24 binaries/signaln.o
                                         0x50 (size before relaxing)
 .eh_frame      0x000000000011cf28       0x44 binaries/sleep.o
                                         0x84 (size before relaxing)
 .eh_frame      0x000000000011cf6c       0x24 binaries/stacktrace.o
                                         0x50 (size before relaxing)
 .eh_frame      0x000000000011cf90       0x24 binaries/suspend.o
                                         0x50 (size before relaxing)
 .eh_frame      0x000000000011cfb4       0x24 binaries/unsleep.o
                                         0x50 (size before relaxing)
 .eh_frame      0x000000000011cfd8       0x24 binaries/userret.o
                                         0x50 (size before relaxing)
 .eh_frame      0x000000000011cffc       0x24 binaries/wait.o
                                         0x50 (size before relaxing)
 .eh_frame      0x000000000011d020       0x24 binaries/wakeup.o
                                         0x50 (size before relaxing)
 .eh_frame      0x000000000011d044       0x24 binaries/write.o
                                         0x50 (size before relaxing)
 .eh_frame      0x000000000011d068       0x24 binaries/xdone.o
                                         0x50 (size before relaxing)
 .eh_frame      0x000000000011d08c       0x24 binaries/yield.o
                                         0x50 (size before relaxing)
 .eh_frame      0x000000000011d0b0       0x20 binaries/abs.o
                                         0x4c (size before relaxing)
 .eh_frame      0x000000000011d0d0       0x20 binaries/atoi.o
                                         0x4c (size before relaxing)
 .eh_frame      0x000000000011d0f0       0x20 binaries/atol.o
                                         0x4c (size before relaxing)
 .eh_frame      0x000000000011d110       0x20 binaries/bzero.o
                                         0x4c (size before relaxing)
 .eh_frame      0x000000000011d130       0xec binaries/doprnt.o
                                        0x140 (size before relaxing)
 .eh_frame      0x000000000011d21c       0xc8 binaries/doscan.o
                                         0xf4 (size before relaxing)
 .eh_frame      0x000000000011d2e4       0xcc binaries/fdoprnt.o
                                        0x10c (size before relaxing)
 .eh_frame      0x000000000011d3b0       0x24 binaries/fgetc.o
                                         0x50 (size before relaxing)
 .eh_frame      0x000000000011d3d4       0x24 binaries/fgets.o
                                         0x50 (size before relaxing)
 .eh_frame      0x000000000011d3f8       0x24 binaries/fprintf.o
                                         0x50 (size before relaxing)
 .eh_frame      0x000000000011d41c       0x24 binaries/fputc.o
                                         0x50 (size before relaxing)
 .eh_frame      0x000000000011d440       0x24 binaries/fputs.o
                                         0x50 (size before relaxing)
 .eh_frame      0x000000000011d464       0x68 binaries/fscanf.o
                                         0x94 (size before relaxing)
 .eh_frame      0x000000000011d4cc       0x24 binaries/getchar.o
                                         0x50 (size before relaxing)
 .eh_frame      0x000000000011d4f0       0x20 binaries/labs.o
                                         0x4c (size before relaxing)
 .eh_frame      0x000000000011d510       0x20 binaries/memcmp.o
                                         0x4c (size before relaxing)
 .eh_frame      0x000000000011d530       0x24 binaries/memcpy.o
                                         0x50 (size before relaxing)
 .eh_frame      0x000000000011d554       0x24 binaries/memset.o
                                         0x50 (size before relaxing)
 .eh_frame      0x000000000011d578       0x24 binaries/printf.o
                                         0x50 (size before relaxing)
 .eh_frame      0x000000000011d59c       0x24 binaries/putchar.o
                                         0x50 (size before relaxing)
 .eh_frame      0x000000000011d5c0       0xa4 binaries/qsort.o
                                         0xd0 (size before relaxing)
 .eh_frame      0x000000000011d664       0x60 binaries/rand.o
                                         0x8c (size before relaxing)
 .eh_frame      0x000000000011d6c4       0x44 binaries/sprintf.o
                                         0x70 (size before relaxing)
 .eh_frame      0x000000000011d708       0x64 binaries/sscanf.o
                                         0x90 (size before relaxing)
 .eh_frame      0x000000000011d76c       0x20 binaries/strchr.o
                                         0x4c (size before relaxing)
 .eh_frame      0x000000000011d78c       0x20 binaries/strcmp.o
                                         0x4c (size before relaxing)
 .eh_frame      0x000000000011d7ac       0x20 binaries/strcpy.o
                                         0x4c (size before relaxing)
 .eh_frame      0x000000000011d7cc       0x20 binaries/strlen.o
                                         0x4c (size before relaxing)
 .eh_frame      0x000000000011d7ec       0x20 binaries/strncat.o
                                         0x4c (size before relaxing)
 .eh_frame      0x000000000011d80c       0x20 binaries/strncmp.o
                                         0x4c (size before relaxing)
 .eh_frame      0x000000000011d82c       0x28 binaries/strncpy.o
                                         0x54 (size before relaxing)
 .eh_frame      0x000000000011d854       0x20 binaries/strnlen.o
                                         0x4c (size before relaxing)
 .eh_frame      0x000000000011d874       0x20 binaries/strrchr.o
                                         0x4c (size before relaxing)
 .eh_frame      0x000000000011d894       0x20 binaries/strstr.o
                                         0x4c (size before relaxing)
 .eh_frame      0x000000000011d8b4       0x24 binaries/ttycontrol.o
                                         0x50 (size before relaxing)
 .eh_frame      0x000000000011d8d8       0x24 binaries/ttygetc.o
                                         0x50 (size before relaxing)
 .eh_frame      0x000000000011d8fc       0x88 binaries/ttyhandle_in.o
                                         0xdc (size before relaxing)
 .eh_frame      0x000000000011d984       0x24 binaries/ttyhandle_out.o
                                         0x50 (size before relaxing)
 .eh_frame      0x000000000011d9a8       0x24 binaries/ttyhandler.o
                                         0x50 (size before relaxing)
 .eh_frame      0x000000000011d9cc       0x24 binaries/ttyinit.o
                                         0x50 (size before relaxing)
 .eh_frame      0x000000000011d9f0       0x24 binaries/ttykickout.o
                                         0x50 (size before relaxing)
 .eh_frame      0x000000000011da14       0x24 binaries/ttyputc.o
                                         0x50 (size before relaxing)
 .eh_frame      0x000000000011da38       0x24 binaries/ttyread.o
                                         0x50 (size before relaxing)
 .eh_frame      0x000000000011da5c       0x24 binaries/ttywrite.o
                                         0x50 (size before relaxing)
 .eh_frame      0x000000000011da80       0x44 binaries/mount.o
                                         0x84 (size before relaxing)
 .eh_frame      0x000000000011dac4       0x24 binaries/naminit.o
                                         0x50 (size before relaxing)
 .eh_frame      0x000000000011dae8       0x68 binaries/nammap.o
                                         0xa8 (size before relaxing)
 .eh_frame      0x000000000011db50       0x24 binaries/namopen.o
                                         0x50 (size before relaxing)
 .eh_frame      0x000000000011db74      0x158 binaries/82545EMInit.o
                                        0x198 (size before relaxing)
 .eh_frame      0x000000000011dccc       0xac binaries/ethcontrol.o
                                        0x100 (size before relaxing)
 .eh_frame      0x000000000011dd78       0x90 binaries/ethhandler.o
                                         0xd0 (size before relaxing)
 .eh_frame      0x000000000011de08       0x24 binaries/ethinit.o
                                         0x50 (size before relaxing)
 .eh_frame      0x000000000011de2c       0x6c binaries/ethread.o
                                         0x98 (size before relaxing)
 .eh_frame      0x000000000011de98       0x6c binaries/ethwrite.o
                                         0x98 (size before relaxing)
 .eh_frame      0x000000000011df04       0x24 binaries/rdsbufalloc.o
                                         0x50 (size before relaxing)
 .eh_frame      0x000000000011df28       0x20 binaries/rdsclose.o
                                         0x4c (size before relaxing)
 .eh_frame      0x000000000011df48       0x24 binaries/rdscomm.o
                                         0x50 (size before relaxing)
 .eh_frame      0x000000000011df6c       0x24 binaries/rdscontrol.o
                                         0x50 (size before relaxing)
 .eh_frame      0x000000000011df90       0x24 binaries/rdsinit.o
                                         0x50 (size before relaxing)
 .eh_frame      0x000000000011dfb4       0x24 binaries/rdsopen.o
                                         0x50 (size before relaxing)
 .eh_frame      0x000000000011dfd8       0x1c binaries/rdsprocess.o
                                         0x48 (size before relaxing)
 .eh_frame      0x000000000011dff4       0x24 binaries/rdsread.o
                                         0x50 (size before relaxing)
 .eh_frame      0x000000000011e018       0x24 binaries/rdswrite.o
                                         0x50 (size before relaxing)
 .eh_frame      0x000000000011e03c       0x20 binaries/ramclose.o
                                         0x4c (size before relaxing)
 .eh_frame      0x000000000011e05c       0x24 binaries/raminit.o
                                         0x50 (size before relaxing)
 .eh_frame      0x000000000011e080       0x20 binaries/ramopen.o
                                         0x4c (size before relaxing)
 .eh_frame      0x000000000011e0a0       0x24 binaries/ramread.o
                                         0x50 (size before relaxing)
 .eh_frame      0x000000000011e0c4       0x24 binaries/ramwrite.o
                                         0x50 (size before relaxing)
 .eh_frame      0x000000000011e0e8       0x24 binaries/lfdballoc.o
                                         0x50 (size before relaxing)
 .eh_frame      0x000000000011e10c       0x24 binaries/lfdbfree.o
                                         0x50 (size before relaxing)
 .eh_frame      0x000000000011e130       0x24 binaries/lfflush.o
                                         0x50 (size before relaxing)
 .eh_frame      0x000000000011e154       0x20 binaries/lfgetmode.o
                                         0x4c (size before relaxing)
 .eh_frame      0x000000000011e174       0x24 binaries/lfiballoc.o
                                         0x50 (size before relaxing)
 .eh_frame      0x000000000011e198       0x20 binaries/lfibclear.o
                                         0x4c (size before relaxing)
 .eh_frame      0x000000000011e1b8       0x24 binaries/lfibget.o
                                         0x50 (size before relaxing)
 .eh_frame      0x000000000011e1dc       0x24 binaries/lfibput.o
                                         0x50 (size before relaxing)
 .eh_frame      0x000000000011e200       0x24 binaries/lflclose.o
                                         0x50 (size before relaxing)
 .eh_frame      0x000000000011e224       0x24 binaries/lflcontrol.o
                                         0x50 (size before relaxing)
 .eh_frame      0x000000000011e248       0x24 binaries/lflgetc.o
                                         0x50 (size before relaxing)
 .eh_frame      0x000000000011e26c       0x24 binaries/lflinit.o
                                         0x50 (size before relaxing)
 .eh_frame      0x000000000011e290       0x24 binaries/lflputc.o
                                         0x50 (size before relaxing)
 .eh_frame      0x000000000011e2b4       0x24 binaries/lflread.o
                                         0x50 (size before relaxing)
 .eh_frame      0x000000000011e2d8       0x24 binaries/lflseek.o
                                         0x50 (size before relaxing)
 .eh_frame      0x000000000011e2fc       0x24 binaries/lflwrite.o
                                         0x50 (size before relaxing)
 .eh_frame      0x000000000011e320       0x20 binaries/lfscheck.o
                                         0x4c (size before relaxing)
 .eh_frame      0x000000000011e340       0x24 binaries/lfsckfmt.o
                                         0x50 (size before relaxing)
 .eh_frame      0x000000000011e364       0x24 binaries/lfscreate.o
                                         0x50 (size before relaxing)
 .eh_frame      0x000000000011e388       0x24 binaries/lfsetup.o
                                         0x50 (size before relaxing)
 .eh_frame      0x000000000011e3ac       0x24 binaries/lfsinit.o
                                         0x50 (size before relaxing)
 .eh_frame      0x000000000011e3d0       0x24 binaries/lfsopen.o
                                         0x50 (size before relaxing)
 .eh_frame      0x000000000011e3f4       0x24 binaries/lftruncate.o
                                         0x50 (size before relaxing)
 .eh_frame      0x000000000011e418       0x24 binaries/rflclose.o
                                         0x50 (size before relaxing)
 .eh_frame      0x000000000011e43c       0x24 binaries/rflgetc.o
                                         0x50 (size before relaxing)
 .eh_frame      0x000000000011e460       0x20 binaries/rflinit.o
                                         0x4c (size before relaxing)
 .eh_frame      0x000000000011e480       0x24 binaries/rflputc.o
                                         0x50 (size before relaxing)
 .eh_frame      0x000000000011e4a4       0x24 binaries/rflread.o
                                         0x50 (size before relaxing)
 .eh_frame      0x000000000011e4c8       0x24 binaries/rflseek.o
                                         0x50 (size before relaxing)
 .eh_frame      0x000000000011e4ec       0x24 binaries/rflwrite.o
                                         0x50 (size before relaxing)
 .eh_frame      0x000000000011e510       0x24 binaries/rfscomm.o
                                         0x50 (size before relaxing)
 .eh_frame      0x000000000011e534       0x24 binaries/rfscontrol.o
                                         0x50 (size before relaxing)
 .eh_frame      0x000000000011e558       0x20 binaries/rfsgetmode.o
                                         0x4c (size before relaxing)
 .eh_frame      0x000000000011e578       0x24 binaries/rfsinit.o
                                         0x50 (size before relaxing)
 .eh_frame      0x000000000011e59c       0x24 binaries/rfsndmsg.o
                                         0x50 (size before relaxing)
 .eh_frame      0x000000000011e5c0       0x24 binaries/rfsopen.o
                                         0x50 (size before relaxing)
 .eh_frame      0x000000000011e5e4       0xd0 binaries/arp.o
                                        0x124 (size before relaxing)
 .eh_frame      0x000000000011e6b4       0xac binaries/dhcp.o
                                         0xec (size before relaxing)
 .eh_frame      0x000000000011e760       0x90 binaries/dns.o
                                         0xd0 (size before relaxing)
 .eh_frame      0x000000000011e7f0       0x20 binaries/dot2ip.o
                                         0x4c (size before relaxing)
 .eh_frame      0x000000000011e810       0x48 binaries/hexdump.o
                                         0x74 (size before relaxing)
 .eh_frame      0x000000000011e858      0x168 binaries/icmp.o
                                        0x1bc (size before relaxing)
 .eh_frame      0x000000000011e9c0      0x130 binaries/ip.o
                                        0x170 (size before relaxing)
 .eh_frame      0x000000000011eaf0       0xa8 binaries/net.o
                                         0xfc (size before relaxing)
 .eh_frame      0x000000000011eb98       0x60 binaries/pdump.o
                                         0xa0 (size before relaxing)
 .eh_frame      0x000000000011ebf8       0x68 binaries/tftp.o
                                         0xa8 (size before relaxing)
 .eh_frame      0x000000000011ec60      0x160 binaries/udp.o
                                        0x1b4 (size before relaxing)
 .eh_frame      0x000000000011edc0       0x24 binaries/addargs.o
                                         0x50 (size before relaxing)
 .eh_frame      0x000000000011ede4       0x20 binaries/lexan.o
                                         0x4c (size before relaxing)
 .eh_frame      0x000000000011ee04       0x2c binaries/shell.o
                                         0x58 (size before relaxing)
 .eh_frame      0x000000000011ee30       0x24 binaries/xsh_argecho.o
                                         0x50 (size before relaxing)
 .eh_frame      0x000000000011ee54       0x48 binaries/xsh_arp.o
                                         0x74 (size before relaxing)
 .eh_frame      0x000000000011ee9c       0x2c binaries/xsh_cat.o
                                         0x58 (size before relaxing)
 .eh_frame      0x000000000011eec8       0x28 binaries/xsh_clear.o
                                         0x54 (size before relaxing)
 .eh_frame      0x000000000011eef0       0x2c binaries/xsh_date.o
                                         0x58 (size before relaxing)
 .eh_frame      0x000000000011ef1c       0x24 binaries/xsh_devdump.o
                                         0x50 (size before relaxing)
 .eh_frame      0x000000000011ef40       0x24 binaries/xsh_echo.o
                                         0x50 (size before relaxing)
 .eh_frame      0x000000000011ef64       0x20 binaries/xsh_exit.o
                                         0x4c (size before relaxing)
 .eh_frame      0x000000000011ef84       0x2c binaries/xsh_help.o
                                         0x58 (size before relaxing)
 .eh_frame      0x000000000011efb0       0x2c binaries/xsh_kill.o
                                         0x58 (size before relaxing)
 .eh_frame      0x000000000011efdc       0x4c binaries/xsh_memdump.o
                                         0x8c (size before relaxing)
 .eh_frame      0x000000000011f028       0x74 binaries/xsh_memstat.o
                                         0xa0 (size before relaxing)
 .eh_frame      0x000000000011f09c       0x30 binaries/xsh_netinfo.o
                                         0x5c (size before relaxing)
 .eh_frame      0x000000000011f0cc       0x30 binaries/xsh_ping.o
                                         0x5c (size before relaxing)
 .eh_frame      0x000000000011f0fc       0x30 binaries/xsh_ps.o
                                         0x5c (size before relaxing)
 .eh_frame      0x000000000011f12c       0x2c binaries/xsh_sleep.o
                                         0x58 (size before relaxing)
 .eh_frame      0x000000000011f158       0x2c binaries/xsh_udpdump.o
                                         0x58 (size before relaxing)
 .eh_frame      0x000000000011f184       0x30 binaries/xsh_udpecho.o
                                         0x5c (size before relaxing)
 .eh_frame      0x000000000011f1b4       0x30 binaries/xsh_udpserver.o
                                         0x5c (size before relaxing)
 .eh_frame      0x000000000011f1e4       0x2c binaries/xsh_uptime.o
                                         0x58 (size before relaxing)

.iplt           0x000000000011f210        0x0
 .iplt          0x000000000011f210        0x0 binaries/start.o

.rel.dyn        0x000000000011f210        0x0
 .rel.got       0x000000000011f210        0x0 binaries/start.o
 .rel.iplt      0x000000000011f210        0x0 binaries/start.o
 .rel.text      0x000000000011f210        0x0 binaries/start.o

.data           0x000000000011f220      0xde0
                0x000000000011f220                data = ABSOLUTE (.)
 *(.data .data.*)
 .data          0x000000000011f220      0x460 binaries/start.o
                0x000000000011f220                gdt
                0x000000000011f260                gdtr
                0x000000000011f266                idt
                0x000000000011f666                idtr
                0x000000000011f66c                cpudelay
                0x000000000011f670                _bootdev
                0x000000000011f674                _cyloffset
 .data          0x000000000011f680        0x0 binaries/ascdate.o
 .data.rel.local
                0x000000000011f680       0x88 binaries/ascdate.o
                0x000000000011f680                Date
 .data          0x000000000011f708        0x0 binaries/bufinit.o
 .data          0x000000000011f708        0x0 binaries/chprio.o
 .data          0x000000000011f708        0x4 binaries/clkhandler.o
 .data          0x000000000011f70c        0x0 binaries/clkinit.o
 .data          0x000000000011f70c        0x0 binaries/close.o
 .data          0x000000000011f70c        0x0 binaries/conf.o
 *fill*         0x000000000011f70c       0x14 
 .data.rel      0x000000000011f720      0x5a0 binaries/conf.o
                0x000000000011f720                devtab
 .data          0x000000000011fcc0        0x0 binaries/control.o
 .data          0x000000000011fcc0        0x0 binaries/control_reg.o
 .data          0x000000000011fcc0        0x4 binaries/create.o
 .data          0x000000000011fcc4        0x0 binaries/evec.o
 *fill*         0x000000000011fcc4       0x1c 
 .data.rel.local
                0x000000000011fce0       0x40 binaries/evec.o
                0x000000000011fce0                inames
 .data          0x000000000011fd20        0x0 binaries/exit.o
 .data          0x000000000011fd20        0x0 binaries/freebuf.o
 .data          0x000000000011fd20        0x0 binaries/freemem.o
 .data          0x000000000011fd20        0x0 binaries/getbuf.o
 .data          0x000000000011fd20        0x0 binaries/getc.o
 .data          0x000000000011fd20        0x0 binaries/getdev.o
 .data          0x000000000011fd20        0x0 binaries/getitem.o
 .data          0x000000000011fd20        0x0 binaries/getmem.o
 .data          0x000000000011fd20        0x0 binaries/getpid.o
 .data          0x000000000011fd20        0x0 binaries/getprio.o
 .data          0x000000000011fd20        0x0 binaries/getstk.o
 .data          0x000000000011fd20        0x0 binaries/getticks.o
 .data          0x000000000011fd20        0x0 binaries/gettime.o
 .data          0x000000000011fd20        0x0 binaries/getutime.o
 .data          0x000000000011fd20       0x40 binaries/i386.o
                0x000000000011fd20                gdt_copy
 .data          0x000000000011fd60        0x0 binaries/init.o
 .data          0x000000000011fd60        0x0 binaries/initialize.o
 .data          0x000000000011fd60        0x0 binaries/insert.o
 .data          0x000000000011fd60        0x0 binaries/insertd.o
 .data          0x000000000011fd60        0x0 binaries/ioerr.o
 .data          0x000000000011fd60        0x0 binaries/ionull.o
 .data          0x000000000011fd60        0x0 binaries/kill.o
 .data          0x000000000011fd60        0x0 binaries/kprintf.o
 .data          0x000000000011fd60        0x0 binaries/main.o
 .data          0x000000000011fd60        0x0 binaries/mark.o
 .data          0x000000000011fd60        0x0 binaries/meminit.o
 .data          0x000000000011fd60        0x0 binaries/mkbufpool.o
 .data          0x000000000011fd60        0x2 binaries/newqueue.o
 .data          0x000000000011fd62        0x0 binaries/open.o
 .data          0x000000000011fd62        0x0 binaries/pagefault_handler.o
 .data          0x000000000011fd62        0x0 binaries/panic.o
 *fill*         0x000000000011fd62        0x2 
 .data          0x000000000011fd64       0x10 binaries/pci.o
 .data          0x000000000011fd74        0x0 binaries/ptclear.o
 .data          0x000000000011fd74        0x0 binaries/ptcount.o
 .data          0x000000000011fd74        0x0 binaries/ptcreate.o
 .data          0x000000000011fd74        0x0 binaries/ptdelete.o
 .data          0x000000000011fd74        0x0 binaries/ptinit.o
 .data          0x000000000011fd74        0x0 binaries/ptrecv.o
 .data          0x000000000011fd74        0x0 binaries/ptreset.o
 .data          0x000000000011fd74        0x0 binaries/ptsend.o
 .data          0x000000000011fd74        0x0 binaries/putc.o
 .data          0x000000000011fd74        0x0 binaries/queue.o
 .data          0x000000000011fd74        0x0 binaries/read.o
 .data          0x000000000011fd74        0x0 binaries/ready.o
 .data          0x000000000011fd74        0x0 binaries/receive.o
 .data          0x000000000011fd74        0x0 binaries/recvclr.o
 .data          0x000000000011fd74        0x0 binaries/recvtime.o
 .data          0x000000000011fd74        0x0 binaries/resched.o
 .data          0x000000000011fd74        0x0 binaries/resume.o
 .data          0x000000000011fd74        0x0 binaries/seek.o
 .data          0x000000000011fd74        0x0 binaries/semcount.o
 .data          0x000000000011fd74        0x0 binaries/semcreate.o
 .data          0x000000000011fd74        0x0 binaries/semdelete.o
 .data          0x000000000011fd74        0x0 binaries/semreset.o
 .data          0x000000000011fd74        0x0 binaries/send.o
 .data          0x000000000011fd74        0x0 binaries/signal.o
 .data          0x000000000011fd74        0x0 binaries/signaln.o
 .data          0x000000000011fd74        0x0 binaries/sleep.o
 .data          0x000000000011fd74        0x0 binaries/stacktrace.o
 .data          0x000000000011fd74        0x0 binaries/suspend.o
 .data          0x000000000011fd74        0x0 binaries/unsleep.o
 .data          0x000000000011fd74        0x0 binaries/userret.o
 .data          0x000000000011fd74        0x0 binaries/wait.o
 .data          0x000000000011fd74        0x0 binaries/wakeup.o
 .data          0x000000000011fd74        0x0 binaries/write.o
 .data          0x000000000011fd74        0x0 binaries/xdone.o
 .data          0x000000000011fd74        0x0 binaries/yield.o
 .data          0x000000000011fd74        0x0 binaries/abs.o
 .data          0x000000000011fd74        0x0 binaries/atoi.o
 .data          0x000000000011fd74        0x0 binaries/atol.o
 .data          0x000000000011fd74        0x0 binaries/bzero.o
 .data          0x000000000011fd74        0x0 binaries/ctype_.o
 .data          0x000000000011fd74        0x0 binaries/doprnt.o
 *fill*         0x000000000011fd74        0xc 
 .data          0x000000000011fd80       0x80 binaries/doscan.o
                0x000000000011fd80                _sctab
 .data          0x000000000011fe00        0x0 binaries/fdoprnt.o
 .data          0x000000000011fe00        0x0 binaries/fgetc.o
 .data          0x000000000011fe00        0x0 binaries/fgets.o
 .data          0x000000000011fe00        0x0 binaries/fprintf.o
 .data          0x000000000011fe00        0x0 binaries/fputc.o
 .data          0x000000000011fe00        0x0 binaries/fputs.o
 .data          0x000000000011fe00        0x0 binaries/fscanf.o
 .data          0x000000000011fe00        0x0 binaries/getchar.o
 .data          0x000000000011fe00        0x0 binaries/labs.o
 .data          0x000000000011fe00        0x0 binaries/memchr.o
 .data          0x000000000011fe00        0x0 binaries/memcmp.o
 .data          0x000000000011fe00        0x0 binaries/memcpy.o
 .data          0x000000000011fe00        0x0 binaries/memset.o
 .data          0x000000000011fe00        0x0 binaries/printf.o
 .data          0x000000000011fe00        0x0 binaries/putchar.o
 .data          0x000000000011fe00        0x0 binaries/qsort.o
 .data          0x000000000011fe00        0x4 binaries/rand.o
 .data          0x000000000011fe04        0x0 binaries/sprintf.o
 .data          0x000000000011fe04        0x0 binaries/sscanf.o
 .data          0x000000000011fe04        0x0 binaries/strchr.o
 .data          0x000000000011fe04        0x0 binaries/strcmp.o
 .data          0x000000000011fe04        0x0 binaries/strcpy.o
 .data          0x000000000011fe04        0x0 binaries/strlen.o
 .data          0x000000000011fe04        0x0 binaries/strncat.o
 .data          0x000000000011fe04        0x0 binaries/strncmp.o
 .data          0x000000000011fe04        0x0 binaries/strncpy.o
 .data          0x000000000011fe04        0x0 binaries/strnlen.o
 .data          0x000000000011fe04        0x0 binaries/strrchr.o
 .data          0x000000000011fe04        0x0 binaries/strstr.o
 .data          0x000000000011fe04        0x0 binaries/ttycontrol.o
 .data          0x000000000011fe04        0x0 binaries/ttygetc.o
 .data          0x000000000011fe04        0x0 binaries/ttyhandle_in.o
 .data          0x000000000011fe04        0x0 binaries/ttyhandle_out.o
 .data          0x000000000011fe04        0x0 binaries/ttyhandler.o
 .data          0x000000000011fe04        0x0 binaries/ttyinit.o
 .data          0x000000000011fe04        0x0 binaries/ttykickout.o
 .data          0x000000000011fe04        0x0 binaries/ttyputc.o
 .data          0x000000000011fe04        0x0 binaries/ttyread.o
 .data          0x000000000011fe04        0x0 binaries/ttywrite.o
 .data          0x000000000011fe04        0x0 binaries/mount.o
 .data          0x000000000011fe04        0x0 binaries/naminit.o
 .data          0x000000000011fe04        0x0 binaries/nammap.o
 .data          0x000000000011fe04        0x0 binaries/namopen.o
 .data          0x000000000011fe04        0x0 binaries/82545EMInit.o
 .data          0x000000000011fe04        0x0 binaries/ethcontrol.o
 .data          0x000000000011fe04        0x0 binaries/ethhandler.o
 .data          0x000000000011fe04        0x0 binaries/ethinit.o
 .data          0x000000000011fe04        0x0 binaries/ethread.o
 .data          0x000000000011fe04        0x0 binaries/ethwrite.o
 .data          0x000000000011fe04        0x0 binaries/rdsbufalloc.o
 .data          0x000000000011fe04        0x0 binaries/rdsclose.o
 .data          0x000000000011fe04        0x0 binaries/rdscomm.o
 .data          0x000000000011fe04        0x0 binaries/rdscontrol.o
 .data          0x000000000011fe04        0x0 binaries/rdsinit.o
 .data          0x000000000011fe04        0x0 binaries/rdsopen.o
 .data          0x000000000011fe04        0x0 binaries/rdsprocess.o
 .data          0x000000000011fe04        0x0 binaries/rdsread.o
 .data          0x000000000011fe04        0x0 binaries/rdswrite.o
 .data          0x000000000011fe04        0x0 binaries/ramclose.o
 .data          0x000000000011fe04        0x0 binaries/raminit.o
 .data          0x000000000011fe04        0x0 binaries/ramopen.o
 .data          0x000000000011fe04        0x0 binaries/ramread.o
 .data          0x000000000011fe04        0x0 binaries/ramwrite.o
 .data          0x000000000011fe04        0x0 binaries/lfdballoc.o
 .data          0x000000000011fe04        0x0 binaries/lfdbfree.o
 .data          0x000000000011fe04        0x0 binaries/lfflush.o
 .data          0x000000000011fe04        0x0 binaries/lfgetmode.o
 .data          0x000000000011fe04        0x0 binaries/lfiballoc.o
 .data          0x000000000011fe04        0x0 binaries/lfibclear.o
 .data          0x000000000011fe04        0x0 binaries/lfibget.o
 .data          0x000000000011fe04        0x0 binaries/lfibput.o
 .data          0x000000000011fe04        0x0 binaries/lflclose.o
 .data          0x000000000011fe04        0x0 binaries/lflcontrol.o
 .data          0x000000000011fe04        0x0 binaries/lflgetc.o
 .data          0x000000000011fe04        0x0 binaries/lflinit.o
 .data          0x000000000011fe04        0x0 binaries/lflputc.o
 .data          0x000000000011fe04        0x0 binaries/lflread.o
 .data          0x000000000011fe04        0x0 binaries/lflseek.o
 .data          0x000000000011fe04        0x0 binaries/lflwrite.o
 .data          0x000000000011fe04        0x0 binaries/lfscheck.o
 .data          0x000000000011fe04        0x0 binaries/lfsckfmt.o
 .data          0x000000000011fe04        0x0 binaries/lfscreate.o
 .data          0x000000000011fe04        0x0 binaries/lfsetup.o
 .data          0x000000000011fe04        0x0 binaries/lfsinit.o
 .data          0x000000000011fe04        0x0 binaries/lfsopen.o
 .data          0x000000000011fe04        0x0 binaries/lftruncate.o
 .data          0x000000000011fe04        0x0 binaries/rflclose.o
 .data          0x000000000011fe04        0x0 binaries/rflgetc.o
 .data          0x000000000011fe04        0x0 binaries/rflinit.o
 .data          0x000000000011fe04        0x0 binaries/rflputc.o
 .data          0x000000000011fe04        0x0 binaries/rflread.o
 .data          0x000000000011fe04        0x0 binaries/rflseek.o
 .data          0x000000000011fe04        0x0 binaries/rflwrite.o
 .data          0x000000000011fe04        0x0 binaries/rfscomm.o
 .data          0x000000000011fe04        0x0 binaries/rfscontrol.o
 .data          0x000000000011fe04        0x0 binaries/rfsgetmode.o
 .data          0x000000000011fe04        0x0 binaries/rfsinit.o
 .data          0x000000000011fe04        0x0 binaries/rfsndmsg.o
 .data          0x000000000011fe04        0x0 binaries/rfsopen.o
 .data          0x000000000011fe04        0x0 binaries/arp.o
 .data          0x000000000011fe04        0x0 binaries/dhcp.o
 .data          0x000000000011fe04        0x0 binaries/dns.o
 .data          0x000000000011fe04        0x0 binaries/dot2ip.o
 .data          0x000000000011fe04        0x0 binaries/hexdump.o
 .data          0x000000000011fe04        0x4 binaries/icmp.o
 .data          0x000000000011fe08        0x0 binaries/ip.o
 .data          0x000000000011fe08        0x0 binaries/net.o
 .data          0x000000000011fe08        0x0 binaries/pdump.o
 .data          0x000000000011fe08        0x0 binaries/tftp.o
 .data          0x000000000011fe08        0x4 binaries/udp.o
 .data          0x000000000011fe0c        0x0 binaries/addargs.o
 .data          0x000000000011fe0c        0x0 binaries/lexan.o
 .data          0x000000000011fe0c        0x4 binaries/shell.o
                0x000000000011fe0c                ncmd
 *fill*         0x000000000011fe10       0x10 
 .data.rel.ro   0x000000000011fe20       0xfc binaries/shell.o
                0x000000000011fe20                cmdtab
 .data          0x000000000011ff1c        0x0 binaries/xsh_argecho.o
 .data          0x000000000011ff1c        0x0 binaries/xsh_arp.o
 .data          0x000000000011ff1c        0x0 binaries/xsh_cat.o
 .data          0x000000000011ff1c        0x0 binaries/xsh_clear.o
 .data          0x000000000011ff1c        0x0 binaries/xsh_date.o
 .data          0x000000000011ff1c        0x0 binaries/xsh_devdump.o
 .data          0x000000000011ff1c        0x0 binaries/xsh_echo.o
 .data          0x000000000011ff1c        0x0 binaries/xsh_exit.o
 .data          0x000000000011ff1c        0x0 binaries/xsh_help.o
 .data          0x000000000011ff1c        0x0 binaries/xsh_kill.o
 .data          0x000000000011ff1c        0x0 binaries/xsh_memdump.o
 .data          0x000000000011ff1c        0x0 binaries/xsh_memstat.o
 .data          0x000000000011ff1c        0x0 binaries/xsh_netinfo.o
 .data          0x000000000011ff1c        0x0 binaries/xsh_ping.o
 *fill*         0x000000000011ff1c        0x4 
 .data          0x000000000011ff20       0x20 binaries/xsh_ps.o
 .data          0x000000000011ff40        0x0 binaries/xsh_sleep.o
 .data          0x000000000011ff40        0x0 binaries/xsh_udpdump.o
 .data          0x000000000011ff40        0x0 binaries/xsh_udpecho.o
 .data          0x000000000011ff40        0x0 binaries/xsh_udpserver.o
 .data          0x000000000011ff40        0x0 binaries/xsh_uptime.o
 .data          0x000000000011ff40        0x0 binaries/clkdisp.o
 .data          0x000000000011ff40        0x0 binaries/ctxsw.o
 .data          0x000000000011ff40        0x0 binaries/intr.o
 .data          0x000000000011ff40        0x0 binaries/pagefault_handler_disp.o
 .data          0x000000000011ff40        0x0 binaries/ttydispatch.o
 .data          0x000000000011ff40        0x0 binaries/ethdispatch.o
                0x000000000011ff40                edata = ABSOLUTE (.)
                0x000000000011ff40                _edata = ABSOLUTE (.)
                0x0000000000120000                . = ALIGN (0x1000)
 *fill*         0x000000000011ff40       0xc0 

.got            0x0000000000120000        0x0
 .got           0x0000000000120000        0x0 binaries/start.o

.got.plt        0x0000000000120000        0xc
 .got.plt       0x0000000000120000        0xc binaries/start.o
                0x0000000000120000                _GLOBAL_OFFSET_TABLE_

.igot.plt       0x000000000012000c        0x0
 .igot.plt      0x000000000012000c        0x0 binaries/start.o

.bss            0x0000000000120020    0x1ffe0
                0x0000000000120020                bss = ABSOLUTE (.)
 *(.bss .bss.*)
 .bss           0x0000000000120020        0x0 binaries/start.o
 .bss           0x0000000000120020        0x0 binaries/ascdate.o
 .bss           0x0000000000120020        0x0 binaries/bufinit.o
 .bss           0x0000000000120020        0x0 binaries/chprio.o
 .bss           0x0000000000120020        0x0 binaries/clkhandler.o
 .bss           0x0000000000120020        0x4 binaries/clkinit.o
                0x0000000000120020                ctr1000
 .bss           0x0000000000120024        0x0 binaries/close.o
 .bss           0x0000000000120024        0x0 binaries/conf.o
 .bss           0x0000000000120024        0x0 binaries/control.o
 .bss           0x0000000000120024        0x0 binaries/control_reg.o
 .bss           0x0000000000120024        0x0 binaries/create.o
 .bss           0x0000000000120024        0x4 binaries/evec.o
 .bss           0x0000000000120028        0x0 binaries/exit.o
 .bss           0x0000000000120028        0x0 binaries/freebuf.o
 .bss           0x0000000000120028        0x0 binaries/freemem.o
 .bss           0x0000000000120028        0x0 binaries/getbuf.o
 .bss           0x0000000000120028        0x0 binaries/getc.o
 .bss           0x0000000000120028        0x0 binaries/getdev.o
 .bss           0x0000000000120028        0x0 binaries/getitem.o
 .bss           0x0000000000120028        0x0 binaries/getmem.o
 .bss           0x0000000000120028        0x0 binaries/getpid.o
 .bss           0x0000000000120028        0x0 binaries/getprio.o
 .bss           0x0000000000120028        0x0 binaries/getstk.o
 .bss           0x0000000000120028        0x0 binaries/getticks.o
 .bss           0x0000000000120028        0x0 binaries/gettime.o
 .bss           0x0000000000120028        0x0 binaries/getutime.o
 .bss           0x0000000000120028        0x0 binaries/i386.o
 .bss           0x0000000000120028        0x0 binaries/init.o
 .bss           0x0000000000120028        0x0 binaries/initialize.o
 .bss           0x0000000000120028        0x0 binaries/insert.o
 .bss           0x0000000000120028        0x0 binaries/insertd.o
 .bss           0x0000000000120028        0x0 binaries/ioerr.o
 .bss           0x0000000000120028        0x0 binaries/ionull.o
 .bss           0x0000000000120028        0x0 binaries/kill.o
 .bss           0x0000000000120028        0x0 binaries/kprintf.o
 .bss           0x0000000000120028        0x0 binaries/main.o
 .bss           0x0000000000120028        0x0 binaries/mark.o
 .bss           0x0000000000120028        0x0 binaries/meminit.o
 .bss           0x0000000000120028        0x0 binaries/mkbufpool.o
 .bss           0x0000000000120028        0x0 binaries/newqueue.o
 .bss           0x0000000000120028        0x0 binaries/open.o
 .bss           0x0000000000120028        0x0 binaries/pagefault_handler.o
 .bss           0x0000000000120028        0x0 binaries/panic.o
 .bss           0x0000000000120028        0xc binaries/pci.o
 .bss           0x0000000000120034        0x0 binaries/ptclear.o
 .bss           0x0000000000120034        0x0 binaries/ptcount.o
 .bss           0x0000000000120034        0x0 binaries/ptcreate.o
 .bss           0x0000000000120034        0x0 binaries/ptdelete.o
 .bss           0x0000000000120034        0x0 binaries/ptinit.o
 .bss           0x0000000000120034        0x0 binaries/ptrecv.o
 .bss           0x0000000000120034        0x0 binaries/ptreset.o
 .bss           0x0000000000120034        0x0 binaries/ptsend.o
 .bss           0x0000000000120034        0x0 binaries/putc.o
 .bss           0x0000000000120034        0x0 binaries/queue.o
 .bss           0x0000000000120034        0x0 binaries/read.o