
Allocating common symbols
Common symbol       size              file

netbufpool          0x4               binaries/net.o
readylist           0x2               binaries/ready.o
rfltab              0x5a0             binaries/rflinit.o
netportseed         0x8               binaries/net.o
sleepq              0x2               binaries/clkinit.o
nnames              0x4               binaries/naminit.o
udptab              0x168             binaries/udp.o
minheap             0x4               binaries/meminit.o
marks               0x50              binaries/mark.o
currpid             0x4               binaries/initialize.o
Lf_data             0x20c             binaries/lfsinit.o
porttab             0x2d0             binaries/ptinit.o
girmask             0x2               binaries/evec.o
ttytab              0x110             binaries/ttyinit.o
proctab             0x15e0            binaries/initialize.o
prcount             0x4               binaries/initialize.o
lfltab              0xf00             binaries/lflinit.o
rdstab              0x8c              binaries/rdsinit.o
ethertab            0x130             binaries/ethinit.o
NetData             0xb0              binaries/net.o
nmarks              0x4               binaries/mark.o
initsp              0x4               binaries/i386.o
Defer               0x8               binaries/resched.o
semtab              0x4b0             binaries/initialize.o
maxheap             0x4               binaries/meminit.o
preempt             0x4               binaries/clkinit.o
buftab              0xf0              binaries/bufinit.o
Rf_data             0x18              binaries/rfsinit.o
mkmutex             0x4               binaries/mark.o
clktime             0x4               binaries/clkinit.o
arpcache            0x140             binaries/arp.o
icmptab             0x230             binaries/icmp.o
nbpools             0x4               binaries/bufinit.o
queuetab            0x980             binaries/queue.o
ptnextid            0x4               binaries/ptinit.o
Ram                 0x19000           binaries/raminit.o
ipoqueue            0x2c              binaries/ip.o
memlist             0x8               binaries/initialize.o
nametab             0x19a0            binaries/naminit.o
ptfree              0x4               binaries/ptinit.o

Discarded input sections

 .group         0x0000000000000000        0x8 binaries/ascdate.o
 .group         0x0000000000000000        0x8 binaries/bufinit.o
 .group         0x0000000000000000        0x8 binaries/chprio.o
 .group         0x0000000000000000        0x8 binaries/clkhandler.o
 .text.__x86.get_pc_thunk.bx
                0x0000000000000000        0x4 binaries/clkhandler.o
 .group         0x0000000000000000        0x8 binaries/clkinit.o
 .text.__x86.get_pc_thunk.bx
                0x0000000000000000        0x4 binaries/clkinit.o
 .group         0x0000000000000000        0x8 binaries/close.o
 .text.__x86.get_pc_thunk.bx
                0x0000000000000000        0x4 binaries/close.o
 .group         0x0000000000000000        0x8 binaries/control.o
 .text.__x86.get_pc_thunk.bx
                0x0000000000000000        0x4 binaries/control.o
 .group         0x0000000000000000        0x8 binaries/create.o
 .group         0x0000000000000000        0x8 binaries/create.o
 .text.__x86.get_pc_thunk.cx
                0x0000000000000000        0x4 binaries/create.o
 .text.__x86.get_pc_thunk.bx
                0x0000000000000000        0x4 binaries/create.o
 .group         0x0000000000000000        0x8 binaries/evec.o
 .group         0x0000000000000000        0x8 binaries/evec.o
 .text.__x86.get_pc_thunk.ax
                0x0000000000000000        0x4 binaries/evec.o
 .text.__x86.get_pc_thunk.bx
                0x0000000000000000        0x4 binaries/evec.o
 .group         0x0000000000000000        0x8 binaries/exit.o
 .text.__x86.get_pc_thunk.bx
                0x0000000000000000        0x4 binaries/exit.o
 .group         0x0000000000000000        0x8 binaries/freebuf.o
 .text.__x86.get_pc_thunk.bx
                0x0000000000000000        0x4 binaries/freebuf.o
 .group         0x0000000000000000        0x8 binaries/freemem.o
 .text.__x86.get_pc_thunk.bx
                0x0000000000000000        0x4 binaries/freemem.o
 .group         0x0000000000000000        0x8 binaries/getbuf.o
 .text.__x86.get_pc_thunk.bx
                0x0000000000000000        0x4 binaries/getbuf.o
 .group         0x0000000000000000        0x8 binaries/getc.o
 .text.__x86.get_pc_thunk.bx
                0x0000000000000000        0x4 binaries/getc.o
 .group         0x0000000000000000        0x8 binaries/getdev.o
 .text.__x86.get_pc_thunk.bx
                0x0000000000000000        0x4 binaries/getdev.o
 .group         0x0000000000000000        0x8 binaries/getitem.o
 .group         0x0000000000000000        0x8 binaries/getitem.o
 .text.__x86.get_pc_thunk.ax
                0x0000000000000000        0x4 binaries/getitem.o
[...]
Memory Configuration

Name             Origin             Length             Attributes
*default*        0x0000000000000000 0xffffffffffffffff

Linker script and memory map

                0x0000000000100000                physbase = 0x100000
                0x0000000000100000                . = physbase
                0x0000000000100000                . = ALIGN (0x1000)

.text           0x0000000000100000    0x1c000
                0x0000000000100000                text = ABSOLUTE (.)
 *(.text .text.*)
 .text          0x0000000000100000      0x165 binaries/start.o
                0x0000000000100020                entry
                0x000000000010003d                start
                0x00000000001000a5                inb
                0x00000000001000ad                inw
                0x00000000001000b6                inl
                0x00000000001000be                outb
                0x00000000001000c8                outw
                0x00000000001000d3                outl
                0x00000000001000dd                _rtcin
                0x00000000001000e8                ___udivsi3
                0x00000000001000f3                ___divsi3
                0x00000000001000ff                sbzero
                0x000000000010010f                bcopy
                0x0000000000100123                insw
                0x0000000000100139                outsw
                0x000000000010014f                lidt
                0x0000000000100157                jumptocode
                0x000000000010015e                jumptobootcode
 .text          0x0000000000100165      0x404 binaries/ascdate.o
                0x0000000000100165                ascdate
 .text.__x86.get_pc_thunk.cx
                0x0000000000100569        0x4 binaries/ascdate.o
                0x0000000000100569                __x86.get_pc_thunk.cx
 .text          0x000000000010056d       0x20 binaries/bufinit.o
                0x000000000010056d                bufinit
 .text.__x86.get_pc_thunk.ax
                0x000000000010058d        0x4 binaries/bufinit.o
                0x000000000010058d                __x86.get_pc_thunk.ax
 .text          0x0000000000100591       0xa2 binaries/chprio.o
                0x0000000000100591                chprio
 .text.__x86.get_pc_thunk.bx
                0x0000000000100633        0x4 binaries/chprio.o
                0x0000000000100633                __x86.get_pc_thunk.bx
 .text          0x0000000000100637       0xd7 binaries/clkhandler.o
                0x0000000000100637                clkhandler
 .text          0x000000000010070e       0x95 binaries/clkinit.o
                0x000000000010070e                clkinit
 .text          0x00000000001007a3       0x86 binaries/close.o
                0x00000000001007a3                close
 .text          0x0000000000100829        0x0 binaries/conf.o
 .text          0x0000000000100829       0x8c binaries/control.o
                0x0000000000100829                control
 .text          0x00000000001008b5      0x2ef binaries/create.o
                0x00000000001008b5                create
 .text          0x0000000000100ba4      0x3cc binaries/evec.o
                0x0000000000100ba4                initevec
                0x0000000000100c10                set_evec
                0x0000000000100cd0                trap
 .text          0x0000000000100f70       0x29 binaries/exit.o
                0x0000000000100f70                exit
 .text          0x0000000000100f99       0xa1 binaries/freebuf.o
                0x0000000000100f99                freebuf
 .text          0x000000000010103a      0x195 binaries/freemem.o
                0x000000000010103a                freemem
 .text          0x00000000001011cf       0x9f binaries/getbuf.o
                0x00000000001011cf                getbuf
 .text          0x000000000010126e       0x86 binaries/getc.o
                0x000000000010126e                getc
 .text          0x00000000001012f4       0x86 binaries/getdev.o
                0x00000000001012f4                getdev
 .text          0x000000000010137a      0x111 binaries/getitem.o
                0x000000000010137a                getfirst
                0x00000000001013d0                getlast
                0x0000000000101428                getitem
 .text.__x86.get_pc_thunk.dx
                0x000000000010148b        0x4 binaries/getitem.o
                0x000000000010148b                __x86.get_pc_thunk.dx
 .text          0x000000000010148f      0x132 binaries/getmem.o
                0x000000000010148f                getmem
 .text          0x00000000001015c1       0x17 binaries/getpid.o
                0x00000000001015c1                getpid
 .text          0x00000000001015d8       0x8c binaries/getprio.o
                0x00000000001015d8                getprio
 .text          0x0000000000101664      0x119 binaries/getstk.o
                0x0000000000101664                getstk
 .text          0x000000000010177d       0x20 binaries/getticks.o
                0x000000000010177d                getticks
 .text          0x000000000010179d       0x4a binaries/gettime.o
                0x000000000010179d                gettime
 .text          0x00000000001017e7      0x21c binaries/getutime.o
                0x00000000001017e7                getutime
 .text          0x0000000000101a03      0x438 binaries/i386.o
                0x0000000000101a03                setsegs
                0x0000000000101b3f                init8259
                0x0000000000101c01                pseg
                0x0000000000101dc9                setirmask
 .text          0x0000000000101e3b       0x86 binaries/init.o
                0x0000000000101e3b                init
 .text          0x0000000000101ec1      0x450 binaries/initialize.o
                0x0000000000101ec1                nulluser
                0x000000000010229e                stop
                0x00000000001022d9                delay
 .text          0x0000000000102311      0x105 binaries/insert.o
                0x0000000000102311                insert
 .text          0x0000000000102416      0x13e binaries/insertd.o
                0x0000000000102416                insertd
 .text          0x0000000000102554       0x14 binaries/ioerr.o
                0x0000000000102554                ioerr
 .text          0x0000000000102568       0x14 binaries/ionull.o
                0x0000000000102568                ionull
 .text          0x000000000010257c      0x1c8 binaries/kill.o
                0x000000000010257c                kill
 .text          0x0000000000102744      0x182 binaries/kprintf.o
                0x0000000000102744                kputc
                0x00000000001027e8                kgetc
                0x000000000010288a                kprintf
 .text          0x00000000001028c6       0xa8 binaries/main.o
                0x00000000001028c6                main
 .text          0x000000000010296e       0xf0 binaries/mark.o
                0x000000000010296e                markinit
                0x00000000001029a9                mark
 .text          0x0000000000102a5e       0xf5 binaries/meminit.o
                0x0000000000102a5e                meminit
 .text          0x0000000000102b53      0x194 binaries/mkbufpool.o
                0x0000000000102b53                mkbufpool
 .text          0x0000000000102ce7       0xbb binaries/newqueue.o
                0x0000000000102ce7                newqueue
 .text          0x0000000000102da2       0x8c binaries/open.o
                0x0000000000102da2                open
 .text          0x0000000000102e2e       0x2e binaries/panic.o
                0x0000000000102e2e                panic
 .text          0x0000000000102e5c      0x540 binaries/pci.o
                0x0000000000102e5c                pci_init
                0x0000000000103176                find_pci_device
                0x00000000001031d1                pci_bios_read_config_byte
                0x000000000010321d                pci_bios_read_config_word
                0x000000000010326c                pci_bios_read_config_dword
                0x00000000001032b8                pci_bios_write_config_byte
                0x0000000000103306                pci_bios_write_config_word
                0x0000000000103354                pci_bios_write_config_dword
 .text.__x86.get_pc_thunk.si
                0x000000000010339c        0x4 binaries/pci.o
                0x000000000010339c                __x86.get_pc_thunk.si
 .text          0x00000000001033a0      0x105 binaries/ptclear.o
                0x00000000001033a0                _ptclear
 .text          0x00000000001034a5       0xaf binaries/ptcount.o
                0x00000000001034a5                ptcount
 .text          0x0000000000103554      0x138 binaries/ptcreate.o
                0x0000000000103554                ptcreate
 .text          0x000000000010368c       0x94 binaries/ptdelete.o
                0x000000000010368c                ptdelete
 .text          0x0000000000103720       0xe7 binaries/ptinit.o
                0x0000000000103720                ptinit
 .text          0x0000000000103807      0x135 binaries/ptrecv.o
                0x0000000000103807                ptrecv
 .text          0x000000000010393c       0x89 binaries/ptreset.o
                0x000000000010393c                ptreset
 .text          0x00000000001039c5      0x15a binaries/ptsend.o
                0x00000000001039c5                ptsend
 .text          0x0000000000103b1f       0x91 binaries/putc.o
                0x0000000000103b1f                putc
 .text          0x0000000000103bb0      0x146 binaries/queue.o
                0x0000000000103bb0                enqueue
                0x0000000000103c71                dequeue
 .text          0x0000000000103cf6       0x8c binaries/read.o
                0x0000000000103cf6                read
 .text          0x0000000000103d82       0x8c binaries/ready.o
                0x0000000000103d82                ready
 .text          0x0000000000103e0e       0x74 binaries/receive.o
                0x0000000000103e0e                receive
 .text          0x0000000000103e82       0x70 binaries/recvclr.o
                0x0000000000103e82                recvclr
 .text          0x0000000000103ef2       0xd5 binaries/recvtime.o
                0x0000000000103ef2                recvtime
 .text          0x0000000000103fc7      0x1ce binaries/resched.o
                0x0000000000103fc7                resched
                0x00000000001040f7                resched_cntl
 .text          0x0000000000104195       0xbf binaries/resume.o
                0x0000000000104195                resume
 .text          0x0000000000104254       0x8a binaries/seek.o
                0x0000000000104254                seek
 .text          0x00000000001042de       0x87 binaries/semcount.o
                0x00000000001042de                semcount
 .text          0x0000000000104365      0x100 binaries/semcreate.o
                0x0000000000104365                semcreate
 .text          0x0000000000104465       0xdf binaries/semdelete.o
                0x0000000000104465                semdelete
 .text          0x0000000000104544       0xe3 binaries/semreset.o
                0x0000000000104544                semreset
 .text          0x0000000000104627       0xfb binaries/send.o
                0x0000000000104627                send
 .text          0x0000000000104722       0xba binaries/signal.o
                0x0000000000104722                signal
 .text          0x00000000001047dc       0xe8 binaries/signaln.o
                0x00000000001047dc                signaln
 .text          0x00000000001048c4      0x10e binaries/sleep.o
                0x00000000001048c4                sleep
                0x000000000010491c                sleepms
 .text          0x00000000001049d2      0x1b4 binaries/stacktrace.o
                0x00000000001049d2                stacktrace
 .text          0x0000000000104b86       0xf5 binaries/suspend.o
                0x0000000000104b86                suspend
 .text          0x0000000000104c7b      0x100 binaries/unsleep.o
                0x0000000000104c7b                unsleep
 .text          0x0000000000104d7b       0x29 binaries/userret.o
                0x0000000000104d7b                userret
 .text          0x0000000000104da4       0xf5 binaries/wait.o
                0x0000000000104da4                wait
 .text          0x0000000000104e99       0x98 binaries/wakeup.o
                0x0000000000104e99                wakeup
 .text          0x0000000000104f31       0x8c binaries/write.o
                0x0000000000104f31                write
 .text          0x0000000000104fbd       0x2f binaries/xdone.o
                0x0000000000104fbd                xdone
 .text          0x0000000000104fec       0x37 binaries/yield.o
                0x0000000000104fec                yield
 .text          0x0000000000105023       0x1b binaries/abs.o
                0x0000000000105023                abs
 .text          0x000000000010503e       0x99 binaries/atoi.o
                0x000000000010503e                atoi
 .text          0x00000000001050d7       0x99 binaries/atol.o
                0x00000000001050d7                atol
 .text          0x0000000000105170       0x3c binaries/bzero.o
                0x0000000000105170                bzero
 .text          0x00000000001051ac        0x0 binaries/ctype_.o
 .text          0x00000000001051ac      0x94d binaries/doprnt.o
                0x00000000001051ac                _doprnt
 .text          0x0000000000105af9      0x6cb binaries/doscan.o
                0x0000000000105af9                _doscan
 .text.__x86.get_pc_thunk.di
                0x00000000001061c4        0x4 binaries/doscan.o
                0x00000000001061c4                __x86.get_pc_thunk.di
 .text          0x00000000001061c8      0x76a binaries/fdoprnt.o
                0x00000000001061c8                _fdoprnt
 .text          0x0000000000106932       0x39 binaries/fgetc.o
                0x0000000000106932                fgetc
 .text          0x000000000010696b       0x84 binaries/fgets.o
                0x000000000010696b                fgets
 .text          0x00000000001069ef       0x3c binaries/fprintf.o
                0x00000000001069ef                fprintf
 .text          0x0000000000106a2b       0x3c binaries/fputc.o
                0x0000000000106a2b                fputc
 .text          0x0000000000106a67       0x52 binaries/fputs.o
                0x0000000000106a67                fputs
 .text          0x0000000000106ab9       0xb8 binaries/fscanf.o
                0x0000000000106ab9                fscanf
 .text          0x0000000000106b71       0x46 binaries/getchar.o
                0x0000000000106b71                getchar
 .text          0x0000000000106bb7       0x1b binaries/labs.o
                0x0000000000106bb7                labs
 .text          0x0000000000106bd2        0x0 binaries/memchr.o
 .text          0x0000000000106bd2       0x5b binaries/memcmp.o
                0x0000000000106bd2                memcmp
 .text          0x0000000000106c2d       0x49 binaries/memcpy.o
                0x0000000000106c2d                memcpy
 .text          0x0000000000106c76       0x3a binaries/memset.o
                0x0000000000106c76                memset
 .text          0x0000000000106cb0       0x5e binaries/printf.o
                0x0000000000106cb0                printf
 .text          0x0000000000106d0e       0x49 binaries/putchar.o
                0x0000000000106d0e                putchar
 .text          0x0000000000106d57      0x2b7 binaries/qsort.o
                0x0000000000106d57                qsort
 .text          0x000000000010700e       0x81 binaries/rand.o
                0x000000000010700e                rand
                0x0000000000107032                rand_r
                0x0000000000107076                srand
 .text          0x000000000010708f       0x82 binaries/sprintf.o
                0x000000000010708f                sprintf
 .text          0x0000000000107111       0x98 binaries/sscanf.o
                0x0000000000107111                sscanf
 .text          0x00000000001071a9       0x46 binaries/strchr.o
                0x00000000001071a9                strchr
 .text          0x00000000001071ef       0x4f binaries/strcmp.o
                0x00000000001071ef                strcmp
 .text          0x000000000010723e       0x31 binaries/strcpy.o
                0x000000000010723e                strcpy
 .text          0x000000000010726f       0x30 binaries/strlen.o
                0x000000000010726f                strlen
 .text          0x000000000010729f       0x60 binaries/strncat.o
                0x000000000010729f                strncat
 .text          0x00000000001072ff       0x68 binaries/strncmp.o
                0x00000000001072ff                strncmp
 .text          0x0000000000107367       0x59 binaries/strncpy.o
                0x0000000000107367                strncpy
 .text          0x00000000001073c0       0x38 binaries/strnlen.o
                0x00000000001073c0                strnlen
 .text          0x00000000001073f8       0x4f binaries/strrchr.o
                0x00000000001073f8                strrchr
 .text          0x0000000000107447       0x78 binaries/strstr.o
                0x0000000000107447                strstr
 .text          0x00000000001074bf       0xfb binaries/ttycontrol.o
                0x00000000001074bf                ttycontrol
 .text          0x00000000001075ba       0xab binaries/ttygetc.o
                0x00000000001075ba                ttygetc
 .text          0x0000000000107665      0x72b binaries/ttyhandle_in.o
                0x0000000000107665                ttyhandle_in
 .text          0x0000000000107d90      0x1c2 binaries/ttyhandle_out.o
                0x0000000000107d90                ttyhandle_out
 .text          0x0000000000107f52       0xe7 binaries/ttyhandler.o
                0x0000000000107f52                ttyhandler
 .text          0x0000000000108039      0x241 binaries/ttyinit.o
                0x0000000000108039                ttyinit
 .text          0x000000000010827a       0x2b binaries/ttykickout.o
                0x000000000010827a                ttykickout
 .text          0x00000000001082a5       0xc9 binaries/ttyputc.o
                0x00000000001082a5                ttyputc
 .text          0x000000000010836e      0x12d binaries/ttyread.o
                0x000000000010836e                ttyread
 .text          0x000000000010849b       0x5c binaries/ttywrite.o
                0x000000000010849b                ttywrite
 .text          0x00000000001084f7      0x174 binaries/mount.o
                0x00000000001084f7                mount
                0x000000000010862b                namlen
 .text          0x000000000010866b      0x220 binaries/naminit.o
                0x000000000010866b                naminit
 .text          0x000000000010888b      0x243 binaries/nammap.o
                0x000000000010888b                nammap
                0x0000000000108928                namrepl
                0x0000000000108a74                namcpy
 .text          0x0000000000108ace       0x5d binaries/namopen.o
                0x0000000000108ace                namopen
 .text          0x0000000000108b2b      0xf37 binaries/82545EMInit.o
                0x0000000000108ba8                _82545EMInit
                0x00000000001098b8                _82545EM_read_phy_reg
                0x0000000000109989                _82545EM_write_phy_reg
 .text          0x0000000000109a62      0x28a binaries/ethcontrol.o
                0x0000000000109adf                ethcontrol
                0x0000000000109c69                ethIrqDisable
                0x0000000000109ca9                ethIrqEnable
 .text          0x0000000000109cec      0x29a binaries/ethhandler.o
                0x0000000000109e8d                ethhandler
 .text          0x0000000000109f86      0x13e binaries/ethinit.o
                0x0000000000109f86                ethinit
 .text          0x000000000010a0c4      0x227 binaries/ethread.o
                0x000000000010a141                ethread
 .text          0x000000000010a2eb      0x1d0 binaries/ethwrite.o
                0x000000000010a368                ethwrite
 .text          0x000000000010a4bb       0xaf binaries/rdsbufalloc.o
                0x000000000010a4bb                rdsbufalloc
 .text          0x000000000010a56a       0xcf binaries/rdsclose.o
                0x000000000010a56a                rdsclose
 .text          0x000000000010a639      0x304 binaries/rdscomm.o
                0x000000000010a639                rdscomm
 .text          0x000000000010a93d      0x242 binaries/rdscontrol.o
                0x000000000010a93d                rdscontrol
 .text          0x000000000010ab7f      0x204 binaries/rdsinit.o
                0x000000000010ab7f                rdsinit
 .text          0x000000000010ad83      0x1a4 binaries/rdsopen.o
                0x000000000010ad83                rdsopen
 .text          0x000000000010af27      0x471 binaries/rdsprocess.o
                0x000000000010af27                rdsprocess
 .text          0x000000000010b398      0x262 binaries/rdsread.o
                0x000000000010b398                rdsread
 .text          0x000000000010b5fa      0x202 binaries/rdswrite.o
                0x000000000010b5fa                rdswrite
 .text          0x000000000010b7fc       0x14 binaries/ramclose.o
                0x000000000010b7fc                ramclose
 .text          0x000000000010b810       0x58 binaries/raminit.o
                0x000000000010b810                raminit
 .text          0x000000000010b868       0x14 binaries/ramopen.o
                0x000000000010b868                ramopen
 .text          0x000000000010b87c       0x47 binaries/ramread.o
                0x000000000010b87c                ramread
 .text          0x000000000010b8c3       0x47 binaries/ramwrite.o
                0x000000000010b8c3                ramwrite
 .text          0x000000000010b90a       0xc4 binaries/lfdballoc.o
                0x000000000010b90a                lfdballoc
 .text          0x000000000010b9ce       0x6c binaries/lfdbfree.o
                0x000000000010b9ce                lfdbfree
 .text          0x000000000010ba3a       0xe0 binaries/lfflush.o
                0x000000000010ba3a                lfflush
 .text          0x000000000010bb1a       0xe2 binaries/lfgetmode.o
                0x000000000010bb1a                lfgetmode
 .text          0x000000000010bbfc       0x92 binaries/lfiballoc.o
                0x000000000010bbfc                lfiballoc
 .text          0x000000000010bc8e       0x45 binaries/lfibclear.o
                0x000000000010bc8e                lfibclear
 .text          0x000000000010bcd3       0xbc binaries/lfibget.o
                0x000000000010bcd3                lfibget
 .text          0x000000000010bd8f       0xeb binaries/lfibput.o
                0x000000000010bd8f                lfibput
 .text          0x000000000010be7a       0xbb binaries/lflclose.o
                0x000000000010be7a                lflclose
 .text          0x000000000010bf35       0xef binaries/lflcontrol.o
                0x000000000010bf35                lflcontrol
 .text          0x000000000010c024      0x104 binaries/lflgetc.o
                0x000000000010c024                lflgetc
 .text          0x000000000010c128      0x102 binaries/lflinit.o
                0x000000000010c128                lflinit
 .text          0x000000000010c22a      0x13a binaries/lflputc.o
                0x000000000010c22a                lflputc
 .text          0x000000000010c364       0x7f binaries/lflread.o
                0x000000000010c364                lflread
 .text          0x000000000010c3e3       0xbe binaries/lflseek.o
                0x000000000010c3e3                lflseek
 .text          0x000000000010c4a1       0x64 binaries/lflwrite.o
                0x000000000010c4a1                lflwrite
 .text          0x000000000010c505       0x6c binaries/lfscheck.o
                0x000000000010c505                lfscheck
 .text          0x000000000010c571      0x194 binaries/lfsckfmt.o
                0x000000000010c571                lfsckfmt
 .text          0x000000000010c705      0x1be binaries/lfscreate.o
                0x000000000010c705                lfscreate
 .text          0x000000000010c8c3      0x2a3 binaries/lfsetup.o
                0x000000000010c8c3                lfsetup
 .text          0x000000000010cb66       0x81 binaries/lfsinit.o
                0x000000000010cb66                lfsinit
 .text          0x000000000010cbe7      0x411 binaries/lfsopen.o
                0x000000000010cbe7                lfsopen
 .text          0x000000000010cff8      0x18a binaries/lftruncate.o
                0x000000000010cff8                lftruncate
 .text          0x000000000010d182       0x8f binaries/rflclose.o
                0x000000000010d182                rflclose
 .text          0x000000000010d211       0x42 binaries/rflgetc.o
                0x000000000010d211                rflgetc
 .text          0x000000000010d253       0x86 binaries/rflinit.o
                0x000000000010d253                rflinit
 .text          0x000000000010d2d9       0x43 binaries/rflputc.o
                0x000000000010d2d9                rflputc
 .text          0x000000000010d31c      0x396 binaries/rflread.o
                0x000000000010d31c                rflread
 .text          0x000000000010d6b2       0x92 binaries/rflseek.o
                0x000000000010d6b2                rflseek
 .text          0x000000000010d744      0x381 binaries/rflwrite.o
                0x000000000010d744                rflwrite
 .text          0x000000000010dac5      0x21d binaries/rfscomm.o
                0x000000000010dac5                rfscomm
 .text          0x000000000010dce2      0x2ae binaries/rfscontrol.o
                0x000000000010dce2                rfscontrol
 .text          0x000000000010df90       0xe2 binaries/rfsgetmode.o
                0x000000000010df90                rfsgetmode
 .text          0x000000000010e072       0xb5 binaries/rfsinit.o
                0x000000000010e072                rfsinit
 .text          0x000000000010e127      0x122 binaries/rfsndmsg.o
                0x000000000010e127                rfsndmsg
 .text          0x000000000010e249      0x2e3 binaries/rfsopen.o
                0x000000000010e249                rfsopen
 .text          0x000000000010e52c      0x8e6 binaries/arp.o
                0x000000000010e52c                arp_init
                0x000000000010e572                arp_resolve
                0x000000000010e860                arp_in
                0x000000000010eb42                arp_alloc
                0x000000000010ec24                arp_ntoh
                0x000000000010ed1b                arp_hton
 .text          0x000000000010ee12      0x97b binaries/dhcp.o
                0x000000000010ee12                dhcp_get_opt_val
                0x000000000010ee75                dhcp_bld_bootp_msg
                0x000000000010ef9c                dhcp_bld_disc
                0x000000000010f08f                dhcp_bld_req
                0x000000000010f212                getlocalip
 .text          0x000000000010f78d      0x5f4 binaries/dns.o
                0x000000000010f78d                dnslookup
 .text          0x000000000010fd81       0xf4 binaries/dot2ip.o
                0x000000000010fd81                dot2ip
 .text          0x000000000010fe75      0x528 binaries/hexdump.o
                0x000000000010fe75                hexdump
                0x0000000000110043                hexadump
 .text          0x000000000011039d      0x940 binaries/icmp.o
                0x000000000011039d                icmp_init
                0x00000000001103e3                icmp_in
                0x00000000001105c4                icmp_register
                0x00000000001106ce                icmp_recv
                0x000000000011086c                icmp_send
                0x0000000000110901                icmp_mkpkt
                0x0000000000110a35                icmp_release
                0x0000000000110b42                icmp_cksum
                0x0000000000110bdf                icmp_hton
                0x0000000000110c5e                icmp_ntoh
 .text          0x0000000000110cdd      0x96c binaries/ip.o
                0x0000000000110cdd                ip_in
                0x0000000000110e82                ip_send
                0x0000000000111004                ip_local
                0x0000000000111065                ip_out
                0x00000000001111ad                ipcksum
                0x000000000011123d                ip_ntoh
                0x0000000000111334                ip_hton
                0x000000000011142b                ipout
                0x0000000000111582                ip_enqueue
 .text          0x0000000000111649      0x337 binaries/net.o
                0x0000000000111649                net_init
                0x00000000001117a9                netin
                0x0000000000111877                eth_hton
                0x00000000001118ac                eth_ntoh
                0x00000000001118e1                getport
 .text          0x0000000000111980     0x15bc binaries/pdump.o
                0x0000000000111980                pdump
                0x00000000001127d8                pdumph
 .text          0x0000000000112f3c      0x65e binaries/tftp.o
                0x0000000000112f3c                tftp_send1
                0x00000000001130cf                tftpget
                0x000000000011310b                tftpget_mb
 .text          0x000000000011359a      0xc36 binaries/udp.o
                0x000000000011359a                udp_init
                0x00000000001135e0                udp_in
                0x0000000000113733                udp_register
                0x0000000000113882                udp_recv
                0x0000000000113a31                udp_recvaddr
                0x0000000000113bf8                udp_send
                0x0000000000113dfb                udp_sendto
                0x0000000000113fc6                udp_release
                0x00000000001140d2                udp_ntoh
                0x0000000000114151                udp_hton
 .text          0x00000000001141d0      0x14d binaries/addargs.o
                0x00000000001141d0                addargs
 .text          0x000000000011431d      0x2d1 binaries/lexan.o
                0x000000000011431d                lexan
 .text          0x00000000001145ee      0x6dd binaries/shell.o
                0x00000000001145ee                shell
 .text          0x0000000000114ccb       0x7e binaries/xsh_argecho.o
                0x0000000000114ccb                xsh_argecho
 .text          0x0000000000114d49      0x2cc binaries/xsh_arp.o
                0x0000000000114d49                xsh_arp
 .text          0x0000000000115015      0x2ae binaries/xsh_cat.o
                0x0000000000115015                xsh_cat
 .text          0x00000000001152c3       0x7a binaries/xsh_clear.o
                0x00000000001152c3                xsh_clear
 .text          0x000000000011533d      0x354 binaries/xsh_date.o
                0x000000000011533d                xsh_date
 .text          0x0000000000115691       0xcb binaries/xsh_devdump.o
                0x0000000000115691                xsh_devdump
 .text          0x000000000011575c       0x87 binaries/xsh_echo.o
                0x000000000011575c                xsh_echo
 .text          0x00000000001157e3       0x14 binaries/xsh_exit.o
                0x00000000001157e3                xsh_exit
 .text          0x00000000001157f7      0x3e9 binaries/xsh_help.o
                0x00000000001157f7                xsh_help
 .text          0x0000000000115be0      0x287 binaries/xsh_kill.o
                0x0000000000115be0                xsh_kill
 .text          0x0000000000115e67      0x5ad binaries/xsh_memdump.o
                0x0000000000115e67                xsh_memdump
 .text          0x0000000000116414      0x316 binaries/xsh_memstat.o
                0x0000000000116414                xsh_memstat
 .text          0x000000000011672a      0x5d5 binaries/xsh_netinfo.o
                0x000000000011672a                xsh_netinfo
 .text          0x0000000000116cff      0x4e7 binaries/xsh_ping.o
                0x0000000000116cff                xsh_ping
 .text          0x00000000001171e6      0x27c binaries/xsh_ps.o
                0x00000000001171e6                xsh_ps
 .text          0x0000000000117462      0x265 binaries/xsh_sleep.o
                0x0000000000117462                xsh_sleep
 .text          0x00000000001176c7      0x2d8 binaries/xsh_udpdump.o
                0x00000000001176c7                xsh_udpdump
 .text          0x000000000011799f      0x532 binaries/xsh_udpecho.o
                0x000000000011799f                xsh_udpecho
 .text          0x0000000000117ed1      0x2fb binaries/xsh_udpserver.o
                0x0000000000117ed1                xsh_udpeserver
 .text          0x00000000001181cc      0x230 binaries/xsh_uptime.o
                0x00000000001181cc                xsh_uptime
 .text          0x00000000001183fc        0xe binaries/clkdisp.o
                0x00000000001183fc                clkdisp
 .text          0x000000000011840a       0x19 binaries/ctxsw.o
                0x000000000011840a                ctxsw
 .text          0x0000000000118423      0x368 binaries/intr.o
                0x0000000000118423                disable
                0x000000000011842c                restore
                0x000000000011843a                enable
                0x000000000011843c                pause
                0x0000000000118443                halt
                0x0000000000118446                spurious_irq7
                0x000000000011844b                spurious_irq15
                0x000000000011845a                _Xint0
                0x0000000000118465                _Xint1
                0x0000000000118470                _Xint2
                0x000000000011847b                _Xint3
                0x0000000000118486                _Xint4
                0x0000000000118491                _Xint5
                0x000000000011849c                _Xint6
                0x00000000001184a7                _Xint7
                0x00000000001184b2                _Xint8
                0x00000000001184bd                _Xint9
                0x00000000001184c8                _Xint10
                0x00000000001184d3                _Xint11
                0x00000000001184e1                _Xint12
                0x00000000001184ef                _Xint13
                0x00000000001184fd                _Xint14
                0x000000000011850b                _Xint15
                0x0000000000118519                _Xint16
                0x0000000000118527                _Xint17
                0x0000000000118535                _Xint18
                0x0000000000118543                _Xint19
                0x0000000000118551                _Xint20
                0x000000000011855f                _Xint21
                0x000000000011856d                _Xint22
                0x000000000011857b                _Xint23
                0x0000000000118589                _Xint24
                0x0000000000118597                _Xint25
                0x00000000001185a5                _Xint26
                0x00000000001185b3                _Xint27
                0x00000000001185c1                _Xint28
                0x00000000001185cf                _Xint29
                0x00000000001185dd                _Xint30
                0x00000000001185eb                _Xint31
                0x00000000001185f9                _Xint32
                0x0000000000118607                _Xint33
                0x0000000000118615                _Xint34
                0x0000000000118623                _Xint35
                0x0000000000118631                _Xint36
                0x000000000011863f                _Xint37
                0x000000000011864d                _Xint38
                0x000000000011865b                _Xint39
                0x0000000000118669                _Xint40
                0x0000000000118677                _Xint41
                0x0000000000118685                _Xint42
                0x0000000000118693                _Xint43
                0x00000000001186a1                _Xint44
                0x00000000001186af                _Xint45
                0x00000000001186bd                _Xint46
                0x00000000001186cb                defevec
 .text          0x000000000011878b        0xf binaries/ttydispatch.o
                0x000000000011878b                ttydispatch
 .text          0x000000000011879a       0x13 binaries/ethdispatch.o
                0x000000000011879a                ethdispatch
 *(.rodata .rodata.*)
 *fill*         0x00000000001187ad        0x3 
 .rodata        0x00000000001187b0       0x8e binaries/ascdate.o
 .rodata        0x000000000011883e       0xae binaries/conf.o
 .rodata        0x00000000001188ec      0x22f binaries/evec.o
 *fill*         0x0000000000118b1b        0x1 
 .rodata        0x0000000000118b1c       0x61 binaries/getutime.o
 *fill*         0x0000000000118b7d        0x3 
 .rodata        0x0000000000118b80       0x90 binaries/i386.o
 .rodata        0x0000000000118c10      0x183 binaries/initialize.o
 *fill*         0x0000000000118d93        0x1 
 .rodata        0x0000000000118d94       0x20 binaries/kill.o
 .rodata        0x0000000000118db4       0x2a binaries/main.o
 .rodata        0x0000000000118dde        0xf binaries/panic.o
 *fill*         0x0000000000118ded        0x3 
 .rodata        0x0000000000118df0      0x1ec binaries/pci.o
 .rodata        0x0000000000118fdc       0x1d binaries/ptinit.o
 *fill*         0x0000000000118ff9        0x3 
 .rodata        0x0000000000118ffc       0x25 binaries/ptsend.o
 *fill*         0x0000000000119021        0x3 
 .rodata        0x0000000000119024       0xb7 binaries/stacktrace.o
 *fill*         0x00000000001190db        0x1 
 .rodata        0x00000000001190dc       0x27 binaries/xdone.o
 *fill*         0x0000000000119103       0x1d 
 .rodata        0x0000000000119120       0x81 binaries/ctype_.o
                0x0000000000119120                _ctype_
 *fill*         0x00000000001191a1        0x3 
 .rodata        0x00000000001191a4       0xee binaries/doprnt.o
 *fill*         0x0000000000119292        0x2 
 .rodata        0x0000000000119294       0x98 binaries/doscan.o
 .rodata        0x000000000011932c       0xae binaries/fdoprnt.o
 *fill*         0x00000000001193da        0x2 
 .rodata        0x00000000001193dc       0x20 binaries/ttycontrol.o
 .rodata        0x00000000001193fc       0x34 binaries/ttyhandler.o
 .rodata        0x0000000000119430       0x80 binaries/naminit.o
 .rodata        0x00000000001194b0       0x2e binaries/82545EMInit.o
 *fill*         0x00000000001194de        0x2 
 .rodata        0x00000000001194e0       0x78 binaries/ethinit.o
 .rodata        0x0000000000119558       0x18 binaries/ethread.o
 .rodata        0x0000000000119570       0x2c binaries/rdsbufalloc.o
 .rodata        0x000000000011959c       0x76 binaries/rdscomm.o
 *fill*         0x0000000000119612        0x2 
 .rodata        0x0000000000119614       0x48 binaries/rdscontrol.o
 .rodata        0x000000000011965c       0x96 binaries/rdsinit.o
 *fill*         0x00000000001196f2        0x2 
 .rodata        0x00000000001196f4       0x22 binaries/rdsopen.o
 *fill*         0x0000000000119716        0x2 
 .rodata        0x0000000000119718       0x4d binaries/rdsprocess.o
 .rodata        0x0000000000119765        0x9 binaries/raminit.o
 *fill*         0x000000000011976e        0x2 
 .rodata        0x0000000000119770       0x37 binaries/lfdballoc.o
 .rodata        0x00000000001197a7       0x14 binaries/lfiballoc.o
 *fill*         0x00000000001197bb        0x1 
 .rodata        0x00000000001197bc       0x23 binaries/lflcontrol.o
 *fill*         0x00000000001197df        0x1 
 .rodata        0x00000000001197e0      0x11b binaries/lfsckfmt.o
 *fill*         0x00000000001198fb        0x1 
 .rodata        0x00000000001198fc       0x2a binaries/lfsopen.o
 *fill*         0x0000000000119926        0x2 
 .rodata        0x0000000000119928       0x21 binaries/rflread.o
 *fill*         0x0000000000119949        0x3 
 .rodata        0x000000000011994c       0x21 binaries/rflwrite.o
 *fill*         0x000000000011996d        0x3 
 .rodata        0x0000000000119970       0x75 binaries/rfscomm.o
 *fill*         0x00000000001199e5        0x3 
 .rodata        0x00000000001199e8       0x3c binaries/rfscontrol.o
 .rodata        0x0000000000119a24       0x63 binaries/rfsinit.o
 *fill*         0x0000000000119a87        0x1 
 .rodata        0x0000000000119a88       0x2a binaries/rfsndmsg.o
 *fill*         0x0000000000119ab2        0x2 
 .rodata        0x0000000000119ab4       0x22 binaries/rfsopen.o
 *fill*         0x0000000000119ad6        0x2 
 .rodata        0x0000000000119ad8       0x3a binaries/arp.o
 *fill*         0x0000000000119b12        0x2 
 .rodata        0x0000000000119b14       0xcf binaries/dhcp.o
 .rodata        0x0000000000119be3       0x1a binaries/dns.o
 *fill*         0x0000000000119bfd        0x3 
 .rodata        0x0000000000119c00       0xc9 binaries/hexdump.o
 *fill*         0x0000000000119cc9        0x3 
 .rodata        0x0000000000119ccc       0x29 binaries/icmp.o
 *fill*         0x0000000000119cf5        0x3 
 .rodata        0x0000000000119cf8       0x6e binaries/ip.o
 *fill*         0x0000000000119d66        0x2 
 .rodata        0x0000000000119d68       0x4f binaries/net.o
 *fill*         0x0000000000119db7        0x1 
 .rodata        0x0000000000119db8      0x26f binaries/pdump.o
 *fill*         0x000000000011a027        0x1 
 .rodata        0x000000000011a028      0x154 binaries/tftp.o
 .rodata        0x000000000011a17c      0x2c1 binaries/shell.o
 .rodata        0x000000000011a43d       0x28 binaries/xsh_argecho.o
 *fill*         0x000000000011a465        0x3 
 .rodata        0x000000000011a468      0x123 binaries/xsh_arp.o
 *fill*         0x000000000011a58b        0x1 
 .rodata        0x000000000011a58c       0xc9 binaries/xsh_cat.o
 .rodata        0x000000000011a655       0x19 binaries/xsh_clear.o
 *fill*         0x000000000011a66e        0x2 
 .rodata        0x000000000011a670      0x1c3 binaries/xsh_date.o
 .rodata        0x000000000011a833       0x5d binaries/xsh_devdump.o
 .rodata        0x000000000011a890        0x9 binaries/xsh_echo.o
 *fill*         0x000000000011a899        0x3 
 .rodata        0x000000000011a89c      0x169 binaries/xsh_help.o
 *fill*         0x000000000011aa05        0x3 
 .rodata        0x000000000011aa08      0x12e binaries/xsh_kill.o
 *fill*         0x000000000011ab36        0x2 
 .rodata        0x000000000011ab38      0x266 binaries/xsh_memdump.o
 *fill*         0x000000000011ad9e        0x2 
 .rodata        0x000000000011ada0      0x225 binaries/xsh_memstat.o
 *fill*         0x000000000011afc5        0x3 
 .rodata        0x000000000011afc8      0x1b0 binaries/xsh_netinfo.o
 .rodata        0x000000000011b178      0x1a1 binaries/xsh_ping.o
 *fill*         0x000000000011b319        0x3 
 .rodata        0x000000000011b31c      0x1a8 binaries/xsh_ps.o
 .rodata        0x000000000011b4c4       0xeb binaries/xsh_sleep.o
 *fill*         0x000000000011b5af        0x1 
 .rodata        0x000000000011b5b0      0x1b8 binaries/xsh_udpdump.o
 .rodata        0x000000000011b768      0x215 binaries/xsh_udpecho.o
 *fill*         0x000000000011b97d        0x3 
 .rodata        0x000000000011b980      0x12b binaries/xsh_udpserver.o
 *fill*         0x000000000011baab        0x1 
 .rodata        0x000000000011baac      0x105 binaries/xsh_uptime.o
                0x000000000011bbb1                etext = ABSOLUTE (.)
                0x000000000011c000                . = ALIGN (0x1000)
 *fill*         0x000000000011bbb1      0x44f 

.eh_frame       0x000000000011c000     0x30b0
 .eh_frame      0x000000000011c000       0x50 binaries/ascdate.o
 .eh_frame      0x000000000011c050       0x34 binaries/bufinit.o
                                         0x4c (size before relaxing)
 .eh_frame      0x000000000011c084       0x38 binaries/chprio.o
                                         0x50 (size before relaxing)
 .eh_frame      0x000000000011c0bc       0x24 binaries/clkhandler.o
                                         0x50 (size before relaxing)
 .eh_frame      0x000000000011c0e0       0x24 binaries/clkinit.o
                                         0x50 (size before relaxing)
 .eh_frame      0x000000000011c104       0x24 binaries/close.o
                                         0x50 (size before relaxing)
 .eh_frame      0x000000000011c128       0x24 binaries/control.o
                                         0x50 (size before relaxing)
 .eh_frame      0x000000000011c14c       0x48 binaries/create.o
                                         0x88 (size before relaxing)
 .eh_frame      0x000000000011c194       0x6c binaries/evec.o
                                         0xac (size before relaxing)
 .eh_frame      0x000000000011c200       0x24 binaries/exit.o
                                         0x50 (size before relaxing)
 .eh_frame      0x000000000011c224       0x24 binaries/freebuf.o
                                         0x50 (size before relaxing)
 .eh_frame      0x000000000011c248       0x24 binaries/freemem.o
                                         0x50 (size before relaxing)
 .eh_frame      0x000000000011c26c       0x24 binaries/getbuf.o
                                         0x50 (size before relaxing)
 .eh_frame      0x000000000011c290       0x24 binaries/getc.o
                                         0x50 (size before relaxing)
 .eh_frame      0x000000000011c2b4       0x24 binaries/getdev.o
                                         0x50 (size before relaxing)
 .eh_frame      0x000000000011c2d8       0x78 binaries/getitem.o
                                         0xa4 (size before relaxing)
 .eh_frame      0x000000000011c350       0x24 binaries/getmem.o
                                         0x50 (size before relaxing)
 .eh_frame      0x000000000011c374       0x20 binaries/getpid.o
                                         0x4c (size before relaxing)
 .eh_frame      0x000000000011c394       0x24 binaries/getprio.o
                                         0x50 (size before relaxing)
 .eh_frame      0x000000000011c3b8       0x24 binaries/getstk.o
                                         0x50 (size before relaxing)
 .eh_frame      0x000000000011c3dc       0x20 binaries/getticks.o
                                         0x4c (size before relaxing)
 .eh_frame      0x000000000011c3fc       0x24 binaries/gettime.o
                                         0x50 (size before relaxing)
 .eh_frame      0x000000000011c420       0x24 binaries/getutime.o
                                         0x50 (size before relaxing)
 .eh_frame      0x000000000011c444       0x9c binaries/i386.o
                                         0xc8 (size before relaxing)
 .eh_frame      0x000000000011c4e0       0x24 binaries/init.o
                                         0x50 (size before relaxing)
 .eh_frame      0x000000000011c504       0xa8 binaries/initialize.o
                                         0xe8 (size before relaxing)
 .eh_frame      0x000000000011c5ac       0x24 binaries/insert.o
                                         0x50 (size before relaxing)
 .eh_frame      0x000000000011c5d0       0x28 binaries/insertd.o
                                         0x54 (size before relaxing)
 .eh_frame      0x000000000011c5f8       0x20 binaries/ioerr.o
                                         0x4c (size before relaxing)
 .eh_frame      0x000000000011c618       0x20 binaries/ionull.o
                                         0x4c (size before relaxing)
 .eh_frame      0x000000000011c638       0x2c binaries/kill.o
                                         0x58 (size before relaxing)
 .eh_frame      0x000000000011c664       0x6c binaries/kprintf.o
                                         0xac (size before relaxing)
 .eh_frame      0x000000000011c6d0       0x28 binaries/main.o
                                         0x54 (size before relaxing)
 .eh_frame      0x000000000011c6f8       0x48 binaries/mark.o
                                         0x74 (size before relaxing)
 .eh_frame      0x000000000011c740       0x20 binaries/meminit.o
                                         0x4c (size before relaxing)
 .eh_frame      0x000000000011c760       0x24 binaries/mkbufpool.o
                                         0x50 (size before relaxing)
 .eh_frame      0x000000000011c784       0x24 binaries/newqueue.o
                                         0x50 (size before relaxing)
 .eh_frame      0x000000000011c7a8       0x24 binaries/open.o
                                         0x50 (size before relaxing)
 .eh_frame      0x000000000011c7cc       0x1c binaries/panic.o
                                         0x48 (size before relaxing)
 .eh_frame      0x000000000011c7e8      0x1ec binaries/pci.o
                                        0x240 (size before relaxing)
 .eh_frame      0x000000000011c9d4       0x24 binaries/ptclear.o
                                         0x50 (size before relaxing)
 .eh_frame      0x000000000011c9f8       0x24 binaries/ptcount.o
                                         0x50 (size before relaxing)
 .eh_frame      0x000000000011ca1c       0x24 binaries/ptcreate.o
                                         0x50 (size before relaxing)
 .eh_frame      0x000000000011ca40       0x24 binaries/ptdelete.o
                                         0x50 (size before relaxing)
 .eh_frame      0x000000000011ca64       0x24 binaries/ptinit.o
                                         0x50 (size before relaxing)
 .eh_frame      0x000000000011ca88       0x24 binaries/ptrecv.o
                                         0x50 (size before relaxing)
 .eh_frame      0x000000000011caac       0x24 binaries/ptreset.o
                                         0x50 (size before relaxing)
 .eh_frame      0x000000000011cad0       0x24 binaries/ptsend.o
                                         0x50 (size before relaxing)
 .eh_frame      0x000000000011caf4       0x24 binaries/putc.o
                                         0x50 (size before relaxing)
 .eh_frame      0x000000000011cb18       0x48 binaries/queue.o
                                         0x88 (size before relaxing)
 .eh_frame      0x000000000011cb60       0x24 binaries/read.o
                                         0x50 (size before relaxing)
 .eh_frame      0x000000000011cb84       0x28 binaries/ready.o
                                         0x54 (size before relaxing)
 .eh_frame      0x000000000011cbac       0x24 binaries/receive.o
                                         0x50 (size before relaxing)
 .eh_frame      0x000000000011cbd0       0x24 binaries/recvclr.o
                                         0x50 (size before relaxing)
 .eh_frame      0x000000000011cbf4       0x24 binaries/recvtime.o
                                         0x50 (size before relaxing)
 .eh_frame      0x000000000011cc18       0x48 binaries/resched.o
                                         0x88 (size before relaxing)
 .eh_frame      0x000000000011cc60       0x24 binaries/resume.o
                                         0x50 (size before relaxing)
 .eh_frame      0x000000000011cc84       0x24 binaries/seek.o
                                         0x50 (size before relaxing)
 .eh_frame      0x000000000011cca8       0x24 binaries/semcount.o
                                         0x50 (size before relaxing)
 .eh_frame      0x000000000011cccc       0x48 binaries/semcreate.o
                                         0x88 (size before relaxing)
 .eh_frame      0x000000000011cd14       0x24 binaries/semdelete.o
                                         0x50 (size before relaxing)
 .eh_frame      0x000000000011cd38       0x24 binaries/semreset.o
                                         0x50 (size before relaxing)
 .eh_frame      0x000000000011cd5c       0x24 binaries/send.o
                                         0x50 (size before relaxing)
 .eh_frame      0x000000000011cd80       0x24 binaries/signal.o
                                         0x50 (size before relaxing)
 .eh_frame      0x000000000011cda4       0x24 binaries/signaln.o
                                         0x50 (size before relaxing)
 .eh_frame      0x000000000011cdc8       0x44 binaries/sleep.o
                                         0x84 (size before relaxing)
 .eh_frame      0x000000000011ce0c       0x24 binaries/stacktrace.o
                                         0x50 (size before relaxing)
 .eh_frame      0x000000000011ce30       0x24 binaries/suspend.o
                                         0x50 (size before relaxing)
 .eh_frame      0x000000000011ce54       0x24 binaries/unsleep.o
                                         0x50 (size before relaxing)
 .eh_frame      0x000000000011ce78       0x24 binaries/userret.o
                                         0x50 (size before relaxing)
 .eh_frame      0x000000000011ce9c       0x24 binaries/wait.o
                                         0x50 (size before relaxing)
 .eh_frame      0x000000000011cec0       0x24 binaries/wakeup.o
                                         0x50 (size before relaxing)
 .eh_frame      0x000000000011cee4       0x24 binaries/write.o
                                         0x50 (size before relaxing)
 .eh_frame      0x000000000011cf08       0x24 binaries/xdone.o
                                         0x50 (size before relaxing)
 .eh_frame      0x000000000011cf2c       0x24 binaries/yield.o
                                         0x50 (size before relaxing)
 .eh_frame      0x000000000011cf50       0x20 binaries/abs.o
                                         0x4c (size before relaxing)
 .eh_frame      0x000000000011cf70       0x20 binaries/atoi.o
                                         0x4c (size before relaxing)
 .eh_frame      0x000000000011cf90       0x20 binaries/atol.o
                                         0x4c (size before relaxing)
 .eh_frame      0x000000000011cfb0       0x20 binaries/bzero.o
                                         0x4c (size before relaxing)
 .eh_frame      0x000000000011cfd0       0xec binaries/doprnt.o
                                        0x140 (size before relaxing)
 .eh_frame      0x000000000011d0bc       0xc8 binaries/doscan.o
                                         0xf4 (size before relaxing)
 .eh_frame      0x000000000011d184       0xcc binaries/fdoprnt.o
                                        0x10c (size before relaxing)
 .eh_frame      0x000000000011d250       0x24 binaries/fgetc.o
                                         0x50 (size before relaxing)
 .eh_frame      0x000000000011d274       0x24 binaries/fgets.o
                                         0x50 (size before relaxing)
 .eh_frame      0x000000000011d298       0x24 binaries/fprintf.o
                                         0x50 (size before relaxing)
 .eh_frame      0x000000000011d2bc       0x24 binaries/fputc.o
                                         0x50 (size before relaxing)
 .eh_frame      0x000000000011d2e0       0x24 binaries/fputs.o
                                         0x50 (size before relaxing)
 .eh_frame      0x000000000011d304       0x68 binaries/fscanf.o
                                         0x94 (size before relaxing)
 .eh_frame      0x000000000011d36c       0x24 binaries/getchar.o
                                         0x50 (size before relaxing)
 .eh_frame      0x000000000011d390       0x20 binaries/labs.o
                                         0x4c (size before relaxing)
 .eh_frame      0x000000000011d3b0       0x20 binaries/memcmp.o
                                         0x4c (size before relaxing)
 .eh_frame      0x000000000011d3d0       0x24 binaries/memcpy.o
                                         0x50 (size before relaxing)
 .eh_frame      0x000000000011d3f4       0x24 binaries/memset.o
                                         0x50 (size before relaxing)
 .eh_frame      0x000000000011d418       0x24 binaries/printf.o
                                         0x50 (size before relaxing)
 .eh_frame      0x000000000011d43c       0x24 binaries/putchar.o
                                         0x50 (size before relaxing)
 .eh_frame      0x000000000011d460       0xa4 binaries/qsort.o
                                         0xd0 (size before relaxing)
 .eh_frame      0x000000000011d504       0x60 binaries/rand.o
                                         0x8c (size before relaxing)
 .eh_frame      0x000000000011d564       0x44 binaries/sprintf.o
                                         0x70 (size before relaxing)
 .eh_frame      0x000000000011d5a8       0x64 binaries/sscanf.o
                                         0x90 (size before relaxing)
 .eh_frame      0x000000000011d60c       0x20 binaries/strchr.o
                                         0x4c (size before relaxing)
 .eh_frame      0x000000000011d62c       0x20 binaries/strcmp.o
                                         0x4c (size before relaxing)
 .eh_frame      0x000000000011d64c       0x20 binaries/strcpy.o
                                         0x4c (size before relaxing)
 .eh_frame      0x000000000011d66c       0x20 binaries/strlen.o
                                         0x4c (size before relaxing)
 .eh_frame      0x000000000011d68c       0x20 binaries/strncat.o
                                         0x4c (size before relaxing)
 .eh_frame      0x000000000011d6ac       0x20 binaries/strncmp.o
                                         0x4c (size before relaxing)
 .eh_frame      0x000000000011d6cc       0x28 binaries/strncpy.o
                                         0x54 (size before relaxing)
 .eh_frame      0x000000000011d6f4       0x20 binaries/strnlen.o
                                         0x4c (size before relaxing)
 .eh_frame      0x000000000011d714       0x20 binaries/strrchr.o
                                         0x4c (size before relaxing)
 .eh_frame      0x000000000011d734       0x20 binaries/strstr.o
                                         0x4c (size before relaxing)
 .eh_frame      0x000000000011d754       0x24 binaries/ttycontrol.o
                                         0x50 (size before relaxing)
 .eh_frame      0x000000000011d778       0x24 binaries/ttygetc.o
                                         0x50 (size before relaxing)
 .eh_frame      0x000000000011d79c       0x88 binaries/ttyhandle_in.o
                                         0xdc (size before relaxing)
 .eh_frame      0x000000000011d824       0x24 binaries/ttyhandle_out.o
                                         0x50 (size before relaxing)
 .eh_frame      0x000000000011d848       0x24 binaries/ttyhandler.o
                                         0x50 (size before relaxing)
 .eh_frame      0x000000000011d86c       0x24 binaries/ttyinit.o
                                         0x50 (size before relaxing)
 .eh_frame      0x000000000011d890       0x24 binaries/ttykickout.o
                                         0x50 (size before relaxing)
 .eh_frame      0x000000000011d8b4       0x24 binaries/ttyputc.o
                                         0x50 (size before relaxing)
 .eh_frame      0x000000000011d8d8       0x24 binaries/ttyread.o
                                         0x50 (size before relaxing)
 .eh_frame      0x000000000011d8fc       0x24 binaries/ttywrite.o
                                         0x50 (size before relaxing)
 .eh_frame      0x000000000011d920       0x44 binaries/mount.o
                                         0x84 (size before relaxing)
 .eh_frame      0x000000000011d964       0x24 binaries/naminit.o
                                         0x50 (size before relaxing)
 .eh_frame      0x000000000011d988       0x68 binaries/nammap.o
                                         0xa8 (size before relaxing)
 .eh_frame      0x000000000011d9f0       0x24 binaries/namopen.o
                                         0x50 (size before relaxing)
 .eh_frame      0x000000000011da14      0x158 binaries/82545EMInit.o
                                        0x198 (size before relaxing)
 .eh_frame      0x000000000011db6c       0xac binaries/ethcontrol.o
                                        0x100 (size before relaxing)
 .eh_frame      0x000000000011dc18       0x90 binaries/ethhandler.o
                                         0xd0 (size before relaxing)
 .eh_frame      0x000000000011dca8       0x24 binaries/ethinit.o
                                         0x50 (size before relaxing)
 .eh_frame      0x000000000011dccc       0x6c binaries/ethread.o
                                         0x98 (size before relaxing)
 .eh_frame      0x000000000011dd38       0x6c binaries/ethwrite.o
                                         0x98 (size before relaxing)
 .eh_frame      0x000000000011dda4       0x24 binaries/rdsbufalloc.o
                                         0x50 (size before relaxing)
 .eh_frame      0x000000000011ddc8       0x20 binaries/rdsclose.o
                                         0x4c (size before relaxing)
 .eh_frame      0x000000000011dde8       0x24 binaries/rdscomm.o
                                         0x50 (size before relaxing)
 .eh_frame      0x000000000011de0c       0x24 binaries/rdscontrol.o
                                         0x50 (size before relaxing)
 .eh_frame      0x000000000011de30       0x24 binaries/rdsinit.o
                                         0x50 (size before relaxing)
 .eh_frame      0x000000000011de54       0x24 binaries/rdsopen.o
                                         0x50 (size before relaxing)
 .eh_frame      0x000000000011de78       0x1c binaries/rdsprocess.o
                                         0x48 (size before relaxing)
 .eh_frame      0x000000000011de94       0x24 binaries/rdsread.o
                                         0x50 (size before relaxing)
 .eh_frame      0x000000000011deb8       0x24 binaries/rdswrite.o
                                         0x50 (size before relaxing)
 .eh_frame      0x000000000011dedc       0x20 binaries/ramclose.o
                                         0x4c (size before relaxing)
 .eh_frame      0x000000000011defc       0x24 binaries/raminit.o
                                         0x50 (size before relaxing)
 .eh_frame      0x000000000011df20       0x20 binaries/ramopen.o
                                         0x4c (size before relaxing)
 .eh_frame      0x000000000011df40       0x24 binaries/ramread.o
                                         0x50 (size before relaxing)
 .eh_frame      0x000000000011df64       0x24 binaries/ramwrite.o
                                         0x50 (size before relaxing)
 .eh_frame      0x000000000011df88       0x24 binaries/lfdballoc.o
                                         0x50 (size before relaxing)
 .eh_frame      0x000000000011dfac       0x24 binaries/lfdbfree.o
                                         0x50 (size before relaxing)
 .eh_frame      0x000000000011dfd0       0x24 binaries/lfflush.o
                                         0x50 (size before relaxing)
 .eh_frame      0x000000000011dff4       0x20 binaries/lfgetmode.o
                                         0x4c (size before relaxing)
 .eh_frame      0x000000000011e014       0x24 binaries/lfiballoc.o
                                         0x50 (size before relaxing)
 .eh_frame      0x000000000011e038       0x20 binaries/lfibclear.o
                                         0x4c (size before relaxing)
 .eh_frame      0x000000000011e058       0x24 binaries/lfibget.o
                                         0x50 (size before relaxing)
 .eh_frame      0x000000000011e07c       0x24 binaries/lfibput.o
                                         0x50 (size before relaxing)
 .eh_frame      0x000000000011e0a0       0x24 binaries/lflclose.o
                                         0x50 (size before relaxing)
 .eh_frame      0x000000000011e0c4       0x24 binaries/lflcontrol.o
                                         0x50 (size before relaxing)
 .eh_frame      0x000000000011e0e8       0x24 binaries/lflgetc.o
                                         0x50 (size before relaxing)
 .eh_frame      0x000000000011e10c       0x24 binaries/lflinit.o
                                         0x50 (size before relaxing)
 .eh_frame      0x000000000011e130       0x24 binaries/lflputc.o
                                         0x50 (size before relaxing)
 .eh_frame      0x000000000011e154       0x24 binaries/lflread.o
                                         0x50 (size before relaxing)
 .eh_frame      0x000000000011e178       0x24 binaries/lflseek.o
                                         0x50 (size before relaxing)
 .eh_frame      0x000000000011e19c       0x24 binaries/lflwrite.o
                                         0x50 (size before relaxing)
 .eh_frame      0x000000000011e1c0       0x20 binaries/lfscheck.o
                                         0x4c (size before relaxing)
 .eh_frame      0x000000000011e1e0       0x24 binaries/lfsckfmt.o
                                         0x50 (size before relaxing)
 .eh_frame      0x000000000011e204       0x24 binaries/lfscreate.o
                                         0x50 (size before relaxing)
 .eh_frame      0x000000000011e228       0x24 binaries/lfsetup.o
                                         0x50 (size before relaxing)
 .eh_frame      0x000000000011e24c       0x24 binaries/lfsinit.o
                                         0x50 (size before relaxing)
 .eh_frame      0x000000000011e270       0x24 binaries/lfsopen.o
                                         0x50 (size before relaxing)
 .eh_frame      0x000000000011e294       0x24 binaries/lftruncate.o
                                         0x50 (size before relaxing)
 .eh_frame      0x000000000011e2b8       0x24 binaries/rflclose.o
                                         0x50 (size before relaxing)
 .eh_frame      0x000000000011e2dc       0x24 binaries/rflgetc.o
                                         0x50 (size before relaxing)
 .eh_frame      0x000000000011e300       0x20 binaries/rflinit.o
                                         0x4c (size before relaxing)
 .eh_frame      0x000000000011e320       0x24 binaries/rflputc.o
                                         0x50 (size before relaxing)
 .eh_frame      0x000000000011e344       0x24 binaries/rflread.o
                                         0x50 (size before relaxing)
 .eh_frame      0x000000000011e368       0x24 binaries/rflseek.o
                                         0x50 (size before relaxing)
 .eh_frame      0x000000000011e38c       0x24 binaries/rflwrite.o
                                         0x50 (size before relaxing)
 .eh_frame      0x000000000011e3b0       0x24 binaries/rfscomm.o
                                         0x50 (size before relaxing)
 .eh_frame      0x000000000011e3d4       0x24 binaries/rfscontrol.o
                                         0x50 (size before relaxing)
 .eh_frame      0x000000000011e3f8       0x20 binaries/rfsgetmode.o
                                         0x4c (size before relaxing)
 .eh_frame      0x000000000011e418       0x24 binaries/rfsinit.o
                                         0x50 (size before relaxing)
 .eh_frame      0x000000000011e43c       0x24 binaries/rfsndmsg.o
                                         0x50 (size before relaxing)
 .eh_frame      0x000000000011e460       0x24 binaries/rfsopen.o
                                         0x50 (size before relaxing)
 .eh_frame      0x000000000011e484       0xd0 binaries/arp.o
                                        0x124 (size before relaxing)
 .eh_frame      0x000000000011e554       0xac binaries/dhcp.o
                                         0xec (size before relaxing)
 .eh_frame      0x000000000011e600       0x90 binaries/dns.o
                                         0xd0 (size before relaxing)
 .eh_frame      0x000000000011e690       0x20 binaries/dot2ip.o
                                         0x4c (size before relaxing)
 .eh_frame      0x000000000011e6b0       0x48 binaries/hexdump.o
                                         0x74 (size before relaxing)
 .eh_frame      0x000000000011e6f8      0x168 binaries/icmp.o
                                        0x1bc (size before relaxing)
 .eh_frame      0x000000000011e860      0x130 binaries/ip.o
                                        0x170 (size before relaxing)
 .eh_frame      0x000000000011e990       0xa8 binaries/net.o
                                         0xfc (size before relaxing)
 .eh_frame      0x000000000011ea38       0x60 binaries/pdump.o
                                         0xa0 (size before relaxing)
 .eh_frame      0x000000000011ea98       0x68 binaries/tftp.o
                                         0xa8 (size before relaxing)
 .eh_frame      0x000000000011eb00      0x160 binaries/udp.o
                                        0x1b4 (size before relaxing)
 .eh_frame      0x000000000011ec60       0x24 binaries/addargs.o
                                         0x50 (size before relaxing)
 .eh_frame      0x000000000011ec84       0x20 binaries/lexan.o
                                         0x4c (size before relaxing)
 .eh_frame      0x000000000011eca4       0x2c binaries/shell.o
                                         0x58 (size before relaxing)
 .eh_frame      0x000000000011ecd0       0x24 binaries/xsh_argecho.o
                                         0x50 (size before relaxing)
 .eh_frame      0x000000000011ecf4       0x48 binaries/xsh_arp.o
                                         0x74 (size before relaxing)
 .eh_frame      0x000000000011ed3c       0x2c binaries/xsh_cat.o
                                         0x58 (size before relaxing)
 .eh_frame      0x000000000011ed68       0x28 binaries/xsh_clear.o
                                         0x54 (size before relaxing)
 .eh_frame      0x000000000011ed90       0x2c binaries/xsh_date.o
                                         0x58 (size before relaxing)
 .eh_frame      0x000000000011edbc       0x24 binaries/xsh_devdump.o
                                         0x50 (size before relaxing)
 .eh_frame      0x000000000011ede0       0x24 binaries/xsh_echo.o
                                         0x50 (size before relaxing)
 .eh_frame      0x000000000011ee04       0x20 binaries/xsh_exit.o
                                         0x4c (size before relaxing)
 .eh_frame      0x000000000011ee24       0x2c binaries/xsh_help.o
                                         0x58 (size before relaxing)
 .eh_frame      0x000000000011ee50       0x2c binaries/xsh_kill.o
                                         0x58 (size before relaxing)
 .eh_frame      0x000000000011ee7c       0x4c binaries/xsh_memdump.o
                                         0x8c (size before relaxing)
 .eh_frame      0x000000000011eec8       0x74 binaries/xsh_memstat.o
                                         0xa0 (size before relaxing)
 .eh_frame      0x000000000011ef3c       0x30 binaries/xsh_netinfo.o
                                         0x5c (size before relaxing)
 .eh_frame      0x000000000011ef6c       0x30 binaries/xsh_ping.o
                                         0x5c (size before relaxing)
 .eh_frame      0x000000000011ef9c       0x30 binaries/xsh_ps.o
                                         0x5c (size before relaxing)
 .eh_frame      0x000000000011efcc       0x2c binaries/xsh_sleep.o
                                         0x58 (size before relaxing)
 .eh_frame      0x000000000011eff8       0x2c binaries/xsh_udpdump.o
                                         0x58 (size before relaxing)
 .eh_frame      0x000000000011f024       0x30 binaries/xsh_udpecho.o
                                         0x5c (size before relaxing)
 .eh_frame      0x000000000011f054       0x30 binaries/xsh_udpserver.o
                                         0x5c (size before relaxing)
 .eh_frame      0x000000000011f084       0x2c binaries/xsh_uptime.o
                                         0x58 (size before relaxing)

.iplt           0x000000000011f0b0        0x0
 .iplt          0x000000000011f0b0        0x0 binaries/start.o

.rel.dyn        0x000000000011f0b0        0x0
 .rel.got       0x000000000011f0b0        0x0 binaries/start.o
 .rel.iplt      0x000000000011f0b0        0x0 binaries/start.o
 .rel.text      0x000000000011f0b0        0x0 binaries/start.o

.data           0x000000000011f0c0      0xf40
                0x000000000011f0c0                data = ABSOLUTE (.)
 *(.data .data.*)
 .data          0x000000000011f0c0      0x460 binaries/start.o
                0x000000000011f0c0                gdt
                0x000000000011f100                gdtr
                0x000000000011f106                idt
                0x000000000011f506                idtr
                0x000000000011f50c                cpudelay
                0x000000000011f510                _bootdev
                0x000000000011f514                _cyloffset
 .data          0x000000000011f520        0x0 binaries/ascdate.o
 .data.rel.local
                0x000000000011f520       0x88 binaries/ascdate.o
                0x000000000011f520                Date
 .data          0x000000000011f5a8        0x0 binaries/bufinit.o
 .data          0x000000000011f5a8        0x0 binaries/chprio.o
 .data          0x000000000011f5a8        0x4 binaries/clkhandler.o
 .data          0x000000000011f5ac        0x0 binaries/clkinit.o
 .data          0x000000000011f5ac        0x0 binaries/close.o
 .data          0x000000000011f5ac        0x0 binaries/conf.o
 *fill*         0x000000000011f5ac       0x14 
 .data.rel      0x000000000011f5c0      0x5a0 binaries/conf.o
                0x000000000011f5c0                devtab
 .data          0x000000000011fb60        0x0 binaries/control.o
 .data          0x000000000011fb60        0x4 binaries/create.o
 .data          0x000000000011fb64        0x0 binaries/evec.o
 *fill*         0x000000000011fb64       0x1c 
 .data.rel.local
                0x000000000011fb80       0x40 binaries/evec.o
                0x000000000011fb80                inames
 .data          0x000000000011fbc0        0x0 binaries/exit.o
 .data          0x000000000011fbc0        0x0 binaries/freebuf.o
 .data          0x000000000011fbc0        0x0 binaries/freemem.o
 .data          0x000000000011fbc0        0x0 binaries/getbuf.o
 .data          0x000000000011fbc0        0x0 binaries/getc.o
 .data          0x000000000011fbc0        0x0 binaries/getdev.o
 .data          0x000000000011fbc0        0x0 binaries/getitem.o
 .data          0x000000000011fbc0        0x0 binaries/getmem.o
 .data          0x000000000011fbc0        0x0 binaries/getpid.o
 .data          0x000000000011fbc0        0x0 binaries/getprio.o
 .data          0x000000000011fbc0        0x0 binaries/getstk.o
 .data          0x000000000011fbc0        0x0 binaries/getticks.o
 .data          0x000000000011fbc0        0x0 binaries/gettime.o
 .data          0x000000000011fbc0        0x0 binaries/getutime.o
 .data          0x000000000011fbc0       0x40 binaries/i386.o
                0x000000000011fbc0                gdt_copy
 .data          0x000000000011fc00        0x0 binaries/init.o
 .data          0x000000000011fc00        0x0 binaries/initialize.o
 .data          0x000000000011fc00        0x0 binaries/insert.o
 .data          0x000000000011fc00        0x0 binaries/insertd.o
 .data          0x000000000011fc00        0x0 binaries/ioerr.o
 .data          0x000000000011fc00        0x0 binaries/ionull.o
 .data          0x000000000011fc00        0x0 binaries/kill.o
 .data          0x000000000011fc00        0x0 binaries/kprintf.o
 .data          0x000000000011fc00        0x0 binaries/main.o
 .data          0x000000000011fc00        0x0 binaries/mark.o
 .data          0x000000000011fc00        0x0 binaries/meminit.o
 .data          0x000000000011fc00        0x0 binaries/mkbufpool.o
 .data          0x000000000011fc00        0x2 binaries/newqueue.o
 .data          0x000000000011fc02        0x0 binaries/open.o
 .data          0x000000000011fc02        0x0 binaries/panic.o
 *fill*         0x000000000011fc02        0x2 
 .data          0x000000000011fc04       0x10 binaries/pci.o
 .data          0x000000000011fc14        0x0 binaries/ptclear.o
 .data          0x000000000011fc14        0x0 binaries/ptcount.o
 .data          0x000000000011fc14        0x0 binaries/ptcreate.o
 .data          0x000000000011fc14        0x0 binaries/ptdelete.o
 .data          0x000000000011fc14        0x0 binaries/ptinit.o
 .data          0x000000000011fc14        0x0 binaries/ptrecv.o
 .data          0x000000000011fc14        0x0 binaries/ptreset.o
 .data          0x000000000011fc14        0x0 binaries/ptsend.o
 .data          0x000000000011fc14        0x0 binaries/putc.o
 .data          0x000000000011fc14        0x0 binaries/queue.o
 .data          0x000000000011fc14        0x0 binaries/read.o
 .data          0x000000000011fc14        0x0 binaries/ready.o
 .data          0x000000000011fc14        0x0 binaries/receive.o
 .data          0x000000000011fc14        0x0 binaries/recvclr.o
 .data          0x000000000011fc14        0x0 binaries/recvtime.o
 .data          0x000000000011fc14        0x0 binaries/resched.o
 .data          0x000000000011fc14        0x0 binaries/resume.o
 .data          0x000000000011fc14        0x0 binaries/seek.o
 .data          0x000000000011fc14        0x0 binaries/semcount.o
 .data          0x000000000011fc14        0x0 binaries/semcreate.o
 .data          0x000000000011fc14        0x0 binaries/semdelete.o
 .data          0x000000000011fc14        0x0 binaries/semreset.o
 .data          0x000000000011fc14        0x0 binaries/send.o
 .data          0x000000000011fc14        0x0 binaries/signal.o
 .data          0x000000000011fc14        0x0 binaries/signaln.o
 .data          0x000000000011fc14        0x0 binaries/sleep.o
 .data          0x000000000011fc14        0x0 binaries/stacktrace.o
 .data          0x000000000011fc14        0x0 binaries/suspend.o
 .data          0x000000000011fc14        0x0 binaries/unsleep.o
 .data          0x000000000011fc14        0x0 binaries/userret.o
 .data          0x000000000011fc14        0x0 binaries/wait.o
 .data          0x000000000011fc14        0x0 binaries/wakeup.o
 .data          0x000000000011fc14        0x0 binaries/write.o
 .data          0x000000000011fc14        0x0 binaries/xdone.o
 .data          0x000000000011fc14        0x0 binaries/yield.o
 .data          0x000000000011fc14        0x0 binaries/abs.o
 .data          0x000000000011fc14        0x0 binaries/atoi.o
 .data          0x000000000011fc14        0x0 binaries/atol.o
 .data          0x000000000011fc14        0x0 binaries/bzero.o
 .data          0x000000000011fc14        0x0 binaries/ctype_.o
 .data          0x000000000011fc14        0x0 binaries/doprnt.o
 *fill*         0x000000000011fc14        0xc 
 .data          0x000000000011fc20       0x80 binaries/doscan.o
                0x000000000011fc20                _sctab
 .data          0x000000000011fca0        0x0 binaries/fdoprnt.o
 .data          0x000000000011fca0        0x0 binaries/fgetc.o
 .data          0x000000000011fca0        0x0 binaries/fgets.o
 .data          0x000000000011fca0        0x0 binaries/fprintf.o
 .data          0x000000000011fca0        0x0 binaries/fputc.o
 .data          0x000000000011fca0        0x0 binaries/fputs.o
 .data          0x000000000011fca0        0x0 binaries/fscanf.o
 .data          0x000000000011fca0        0x0 binaries/getchar.o
 .data          0x000000000011fca0        0x0 binaries/labs.o
 .data          0x000000000011fca0        0x0 binaries/memchr.o
 .data          0x000000000011fca0        0x0 binaries/memcmp.o
 .data          0x000000000011fca0        0x0 binaries/memcpy.o
 .data          0x000000000011fca0        0x0 binaries/memset.o
 .data          0x000000000011fca0        0x0 binaries/printf.o
 .data          0x000000000011fca0        0x0 binaries/putchar.o
 .data          0x000000000011fca0        0x0 binaries/qsort.o
 .data          0x000000000011fca0        0x4 binaries/rand.o
 .data          0x000000000011fca4        0x0 binaries/sprintf.o
 .data          0x000000000011fca4        0x0 binaries/sscanf.o
 .data          0x000000000011fca4        0x0 binaries/strchr.o
 .data          0x000000000011fca4        0x0 binaries/strcmp.o
 .data          0x000000000011fca4        0x0 binaries/strcpy.o
 .data          0x000000000011fca4        0x0 binaries/strlen.o
 .data          0x000000000011fca4        0x0 binaries/strncat.o
 .data          0x000000000011fca4        0x0 binaries/strncmp.o
 .data          0x000000000011fca4        0x0 binaries/strncpy.o
 .data          0x000000000011fca4        0x0 binaries/strnlen.o
 .data          0x000000000011fca4        0x0 binaries/strrchr.o
 .data          0x000000000011fca4        0x0 binaries/strstr.o
 .data          0x000000000011fca4        0x0 binaries/ttycontrol.o
 .data          0x000000000011fca4        0x0 binaries/ttygetc.o
 .data          0x000000000011fca4        0x0 binaries/ttyhandle_in.o
 .data          0x000000000011fca4        0x0 binaries/ttyhandle_out.o
 .data          0x000000000011fca4        0x0 binaries/ttyhandler.o
 .data          0x000000000011fca4        0x0 binaries/ttyinit.o
 .data          0x000000000011fca4        0x0 binaries/ttykickout.o
 .data          0x000000000011fca4        0x0 binaries/ttyputc.o
 .data          0x000000000011fca4        0x0 binaries/ttyread.o
 .data          0x000000000011fca4        0x0 binaries/ttywrite.o
 .data          0x000000000011fca4        0x0 binaries/mount.o
 .data          0x000000000011fca4        0x0 binaries/naminit.o
 .data          0x000000000011fca4        0x0 binaries/nammap.o
 .data          0x000000000011fca4        0x0 binaries/namopen.o
 .data          0x000000000011fca4        0x0 binaries/82545EMInit.o
 .data          0x000000000011fca4        0x0 binaries/ethcontrol.o
 .data          0x000000000011fca4        0x0 binaries/ethhandler.o
 .data          0x000000000011fca4        0x0 binaries/ethinit.o
 .data          0x000000000011fca4        0x0 binaries/ethread.o
 .data          0x000000000011fca4        0x0 binaries/ethwrite.o
 .data          0x000000000011fca4        0x0 binaries/rdsbufalloc.o
 .data          0x000000000011fca4        0x0 binaries/rdsclose.o
 .data          0x000000000011fca4        0x0 binaries/rdscomm.o
 .data          0x000000000011fca4        0x0 binaries/rdscontrol.o
 .data          0x000000000011fca4        0x0 binaries/rdsinit.o
 .data          0x000000000011fca4        0x0 binaries/rdsopen.o
 .data          0x000000000011fca4        0x0 binaries/rdsprocess.o
 .data          0x000000000011fca4        0x0 binaries/rdsread.o
 .data          0x000000000011fca4        0x0 binaries/rdswrite.o
 .data          0x000000000011fca4        0x0 binaries/ramclose.o
 .data          0x000000000011fca4        0x0 binaries/raminit.o
 .data          0x000000000011fca4        0x0 binaries/ramopen.o
 .data          0x000000000011fca4        0x0 binaries/ramread.o
 .data          0x000000000011fca4        0x0 binaries/ramwrite.o
 .data          0x000000000011fca4        0x0 binaries/lfdballoc.o
 .data          0x000000000011fca4        0x0 binaries/lfdbfree.o
 .data          0x000000000011fca4        0x0 binaries/lfflush.o
 .data          0x000000000011fca4        0x0 binaries/lfgetmode.o
 .data          0x000000000011fca4        0x0 binaries/lfiballoc.o
 .data          0x000000000011fca4        0x0 binaries/lfibclear.o
 .data          0x000000000011fca4        0x0 binaries/lfibget.o
 .data          0x000000000011fca4        0x0 binaries/lfibput.o
 .data          0x000000000011fca4        0x0 binaries/lflclose.o
 .data          0x000000000011fca4        0x0 binaries/lflcontrol.o
 .data          0x000000000011fca4        0x0 binaries/lflgetc.o
 .data          0x000000000011fca4        0x0 binaries/lflinit.o
 .data          0x000000000011fca4        0x0 binaries/lflputc.o
 .data          0x000000000011fca4        0x0 binaries/lflread.o
 .data          0x000000000011fca4        0x0 binaries/lflseek.o
 .data          0x000000000011fca4        0x0 binaries/lflwrite.o
 .data          0x000000000011fca4        0x0 binaries/lfscheck.o
 .data          0x000000000011fca4        0x0 binaries/lfsckfmt.o
 .data          0x000000000011fca4        0x0 binaries/lfscreate.o
 .data          0x000000000011fca4        0x0 binaries/lfsetup.o
 .data          0x000000000011fca4        0x0 binaries/lfsinit.o
 .data          0x000000000011fca4        0x0 binaries/lfsopen.o
 .data          0x000000000011fca4        0x0 binaries/lftruncate.o
 .data          0x000000000011fca4        0x0 binaries/rflclose.o
 .data          0x000000000011fca4        0x0 binaries/rflgetc.o
 .data          0x000000000011fca4        0x0 binaries/rflinit.o
 .data          0x000000000011fca4        0x0 binaries/rflputc.o
 .data          0x000000000011fca4        0x0 binaries/rflread.o
 .data          0x000000000011fca4        0x0 binaries/rflseek.o
 .data          0x000000000011fca4        0x0 binaries/rflwrite.o
 .data          0x000000000011fca4        0x0 binaries/rfscomm.o
 .data          0x000000000011fca4        0x0 binaries/rfscontrol.o
 .data          0x000000000011fca4        0x0 binaries/rfsgetmode.o
 .data          0x000000000011fca4        0x0 binaries/rfsinit.o
 .data          0x000000000011fca4        0x0 binaries/rfsndmsg.o
 .data          0x000000000011fca4        0x0 binaries/rfsopen.o
 .data          0x000000000011fca4        0x0 binaries/arp.o
 .data          0x000000000011fca4        0x0 binaries/dhcp.o
 .data          0x000000000011fca4        0x0 binaries/dns.o
 .data          0x000000000011fca4        0x0 binaries/dot2ip.o
 .data          0x000000000011fca4        0x0 binaries/hexdump.o
 .data          0x000000000011fca4        0x4 binaries/icmp.o
 .data          0x000000000011fca8        0x0 binaries/ip.o
 .data          0x000000000011fca8        0x0 binaries/net.o
 .data          0x000000000011fca8        0x0 binaries/pdump.o
 .data          0x000000000011fca8        0x0 binaries/tftp.o
 .data          0x000000000011fca8        0x4 binaries/udp.o
 .data          0x000000000011fcac        0x0 binaries/addargs.o
 .data          0x000000000011fcac        0x0 binaries/lexan.o
 .data          0x000000000011fcac        0x4 binaries/shell.o
                0x000000000011fcac                ncmd
 *fill*         0x000000000011fcb0       0x10 
 .data.rel.ro   0x000000000011fcc0       0xfc binaries/shell.o
                0x000000000011fcc0                cmdtab
 .data          0x000000000011fdbc        0x0 binaries/xsh_argecho.o
 .data          0x000000000011fdbc        0x0 binaries/xsh_arp.o
 .data          0x000000000011fdbc        0x0 binaries/xsh_cat.o
 .data          0x000000000011fdbc        0x0 binaries/xsh_clear.o
 .data          0x000000000011fdbc        0x0 binaries/xsh_date.o
 .data          0x000000000011fdbc        0x0 binaries/xsh_devdump.o
 .data          0x000000000011fdbc        0x0 binaries/xsh_echo.o
 .data          0x000000000011fdbc        0x0 binaries/xsh_exit.o
 .data          0x000000000011fdbc        0x0 binaries/xsh_help.o
 .data          0x000000000011fdbc        0x0 binaries/xsh_kill.o
 .data          0x000000000011fdbc        0x0 binaries/xsh_memdump.o
 .data          0x000000000011fdbc        0x0 binaries/xsh_memstat.o
 .data          0x000000000011fdbc        0x0 binaries/xsh_netinfo.o
 .data          0x000000000011fdbc        0x0 binaries/xsh_ping.o
 *fill*         0x000000000011fdbc        0x4 
 .data          0x000000000011fdc0       0x20 binaries/xsh_ps.o
 .data          0x000000000011fde0        0x0 binaries/xsh_sleep.o
 .data          0x000000000011fde0        0x0 binaries/xsh_udpdump.o
 .data          0x000000000011fde0        0x0 binaries/xsh_udpecho.o
 .data          0x000000000011fde0        0x0 binaries/xsh_udpserver.o
 .data          0x000000000011fde0        0x0 binaries/xsh_uptime.o
 .data          0x000000000011fde0        0x0 binaries/clkdisp.o
 .data          0x000000000011fde0        0x0 binaries/ctxsw.o
 .data          0x000000000011fde0        0x0 binaries/intr.o
 .data          0x000000000011fde0        0x0 binaries/ttydispatch.o
 .data          0x000000000011fde0        0x0 binaries/ethdispatch.o
                0x000000000011fde0                edata = ABSOLUTE (.)
                0x000000000011fde0                _edata = ABSOLUTE (.)
                0x0000000000120000                . = ALIGN (0x1000)
 *fill*         0x000000000011fde0      0x220 

.got            0x0000000000120000        0x0
 .got           0x0000000000120000        0x0 binaries/start.o

.got.plt        0x0000000000120000        0xc
 .got.plt       0x0000000000120000        0xc binaries/start.o
                0x0000000000120000                _GLOBAL_OFFSET_TABLE_

.igot.plt       0x000000000012000c        0x0
 .igot.plt      0x000000000012000c        0x0 binaries/start.o

.bss            0x0000000000120020    0x1ffe0
                0x0000000000120020                bss = ABSOLUTE (.)
 *(.bss .bss.*)
 .bss           0x0000000000120020        0x0 binaries/start.o
 .bss           0x0000000000120020        0x0 binaries/ascdate.o
 .bss           0x0000000000120020        0x0 binaries/bufinit.o
 .bss           0x0000000000120020        0x0 binaries/chprio.o
 .bss           0x0000000000120020        0x0 binaries/clkhandler.o
 .bss           0x0000000000120020        0x4 binaries/clkinit.o
                0x0000000000120020                ctr1000
 .bss           0x0000000000120024        0x0 binaries/close.o
 .bss           0x0000000000120024        0x0 binaries/conf.o
 .bss           0x0000000000120024        0x0 binaries/control.o
 .bss           0x0000000000120024        0x0 binaries/create.o
 .bss           0x0000000000120024        0x4 binaries/evec.o
 .bss           0x0000000000120028        0x0 binaries/exit.o
 .bss           0x0000000000120028        0x0 binaries/freebuf.o
 .bss           0x0000000000120028        0x0 binaries/freemem.o
 .bss           0x0000000000120028        0x0 binaries/getbuf.o
 .bss           0x0000000000120028        0x0 binaries/getc.o
 .bss           0x0000000000120028        0x0 binaries/getdev.o
 .bss           0x0000000000120028        0x0 binaries/getitem.o
 .bss           0x0000000000120028        0x0 binaries/getmem.o
 .bss           0x0000000000120028        0x0 binaries/getpid.o
 .bss           0x0000000000120028        0x0 binaries/getprio.o
 .bss           0x0000000000120028        0x0 binaries/getstk.o
 .bss           0x0000000000120028        0x0 binaries/getticks.o
 .bss           0x0000000000120028        0x0 binaries/gettime.o
 .bss           0x0000000000120028        0x0 binaries/getutime.o
 .bss           0x0000000000120028        0x0 binaries/i386.o
 .bss           0x0000000000120028        0x0 binaries/init.o
 .bss           0x0000000000120028        0x0 binaries/initialize.o
 .bss           0x0000000000120028        0x0 binaries/insert.o
 .bss           0x0000000000120028        0x0 binaries/insertd.o
 .bss           0x0000000000120028        0x0 binaries/ioerr.o
 .bss           0x0000000000120028        0x0 binaries/ionull.o
 .bss           0x0000000000120028        0x0 binaries/kill.o
 .bss           0x0000000000120028        0x0 binaries/kprintf.o
 .bss           0x0000000000120028        0x0 binaries/main.o
 .bss           0x0000000000120028        0x0 binaries/mark.o
 .bss           0x0000000000120028        0x0 binaries/meminit.o
 .bss           0x0000000000120028        0x0 binaries/mkbufpool.o
 .bss           0x0000000000120028        0x0 binaries/newqueue.o
 .bss           0x0000000000120028        0x0 binaries/open.o
 .bss           0x0000000000120028        0x0 binaries/panic.o
 .bss           0x0000000000120028        0xc binaries/pci.o
 .bss           0x0000000000120034        0x0 binaries/ptclear.o
 .bss           0x0000000000120034        0x0 binaries/ptcount.o
 .bss           0x0000000000120034        0x0 binaries/ptcreate.o
 .bss           0x0000000000120034        0x0 binaries/ptdelete.o
 .bss           0x0000000000120034        0x0 binaries/ptinit.o
 .bss           0x0000000000120034        0x0 binaries/ptrecv.o
 .bss           0x0000000000120034        0x0 binaries/ptreset.o
 .bss           0x0000000000120034        0x0 binaries/ptsend.o
 .bss           0x0000000000120034        0x0 binaries/putc.o
 .bss           0x0000000000120034        0x0 binaries/queue.o
 .bss           0x0000000000120034        0x0 binaries/read.o
 .bss           0x0000000000120034        0x0 binaries/ready.o
 .bss           0x0000000000120034        0x0 binaries/receive.o
 .bss           0x0000000000120034        0x0 binaries/recvclr.o
 .bss           0x0000000000120034        0x0 binaries/recvtime.o
 .bss           0x0000000000120034        0x0 binaries/resched.o
 .bss           0x0000000000120034        0x0 binaries/resume.o
 .bss           0x0000000000120034        0x0 binaries/seek.o
 .bss           0x0000000000120034        0x0 binaries/semcount.o
 .bss           0x0000000000120034        0x4 binaries/semcreate.o
 .bss           0x0000000000120038        0x0 binaries/semdelete.o
 .bss           0x0000000000120038        0x0 binaries/semreset.o
 .bss           0x0000000000120038        0x0 binaries/send.o
 .bss           0x0000000000120038        0x0 binaries/signal.o
 .bss           0x0000000000120038        0x0 binaries/signaln.o
 .bss           0x0000000000120038        0x0 binaries/sleep.o
 .bss           0x0000000000120038        0x0 binaries/stacktrace.o
 .bss           0x0000000000120038        0x0 binaries/suspend.o
 .bss           0x0000000000120038        0x0 binaries/unsleep.o
 .bss           0x0000000000120038        0x0 binaries/userret.o
 .bss           0x0000000000120038        0x0 binaries/wait.o
 .bss           0x0000000000120038        0x0 binaries/wakeup.o
 .bss           0x0000000000120038        0x0 binaries/write.o
 .bss           0x0000000000120038        0x0 binaries/xdone.o
 .bss           0x0000000000120038        0x0 binaries/yield.o